<?xml version="1.0" encoding="UTF-8"?>
<TestRun id="a8a22f05-e2e4-4607-a975-ea482fe3cd85" name="gaoc@EPEKW-Q1100020 2013-05-22 13:52:27" runUser="IGTMASTER\gaoc" xmlns="http://microsoft.com/schemas/VisualStudio/TeamTest/2010">
  <TestSettings name="Local" id="4ca49d67-0d66-4a55-b4b3-2d739b980c55">
    <Description>These are default test settings for a local test run.</Description>
    <Deployment enabled="false" runDeploymentRoot="gaoc_EPEKW-Q1100020 2013-05-22 13_52_27">
      <DeploymentItem filename="C:\Users\gaoc\Downloads\NSubstitute-master\Output\Debug\NET35\NSubstitute\NSubstitute.dll" />
    </Deployment>
    <Execution>
      <TestTypeSpecific />
      <AgentRule name="Execution Agents">
      </AgentRule>
    </Execution>
  </TestSettings>
  <Times creation="2013-05-22T13:52:27.4628674+08:00" queuing="2013-05-22T13:52:27.5618674+08:00" start="2013-05-22T13:52:27.5798674+08:00" finish="2013-05-22T13:52:28.7988674+08:00" />
  <ResultSummary outcome="Completed">
    <Counters total="62" executed="62" passed="62" error="0" failed="0" timeout="0" aborted="0" inconclusive="0" passedButRunAborted="0" notRunnable="0" notExecuted="0" disconnected="0" warning="0" completed="0" inProgress="0" pending="0" />
  </ResultSummary>
  <TestDefinitions>
    <UnitTest name="Test_ClearReceivedCalls_ForgetPreviousCalls" storage="c:\users\gaoc\downloads\nsubstitute-master\source\nsubstitute.tests\bin\debug\nsubstitute.tests.dll" id="c3398b3c-79e7-d22b-e1e0-fa4777814864">
      <Execution id="b188ad28-a2e6-4e54-8186-84780793bf2b" />
      <TestMethod codeBase="C:/Users/gaoc/Downloads/NSubstitute-master/Source/NSubstitute.Tests/bin/Debug/NSubstitute.Tests.DLL" adapterTypeName="Microsoft.VisualStudio.TestTools.TestTypes.Unit.UnitTestAdapter, Microsoft.VisualStudio.QualityTools.Tips.UnitTest.Adapter, Version=10.0.0.0, Culture=neutral, PublicKeyToken=b03f5f7f11d50a3a" className="NSubstitute.Tests.ClearReceivedCalls, NSubstitute.Tests, Version=1.0.0.0, Culture=neutral, PublicKeyToken=null" name="Test_ClearReceivedCalls_ForgetPreviousCalls" />
    </UnitTest>
    <UnitTest name="Test_GetStarted_ReceivedSpecificCall" storage="c:\users\gaoc\downloads\nsubstitute-master\source\nsubstitute.tests\bin\debug\nsubstitute.tests.dll" id="ab964102-d90a-e17a-24e6-d53324d85858">
      <Execution id="ffafd6aa-b6a7-4915-8323-1ccd844fb17d" />
      <TestMethod codeBase="C:/Users/gaoc/Downloads/NSubstitute-master/Source/NSubstitute.Tests/bin/Debug/NSubstitute.Tests.DLL" adapterTypeName="Microsoft.VisualStudio.TestTools.TestTypes.Unit.UnitTestAdapter, Microsoft.VisualStudio.QualityTools.Tips.UnitTest.Adapter, Version=10.0.0.0, Culture=neutral, PublicKeyToken=b03f5f7f11d50a3a" className="NSubstitute.Tests.GetStarted, NSubstitute.Tests, Version=1.0.0.0, Culture=neutral, PublicKeyToken=null" name="Test_GetStarted_ReceivedSpecificCall" />
    </UnitTest>
    <UnitTest name="Test_GetStarted_RaiseEvents" storage="c:\users\gaoc\downloads\nsubstitute-master\source\nsubstitute.tests\bin\debug\nsubstitute.tests.dll" id="8c6c6b20-0d82-7b15-aa42-cb9f709a7d1f">
      <Execution id="7b512fe0-08eb-47b8-8712-ddb7acaea925" />
      <TestMethod codeBase="C:/Users/gaoc/Downloads/NSubstitute-master/Source/NSubstitute.Tests/bin/Debug/NSubstitute.Tests.DLL" adapterTypeName="Microsoft.VisualStudio.TestTools.TestTypes.Unit.UnitTestAdapter, Microsoft.VisualStudio.QualityTools.Tips.UnitTest.Adapter, Version=10.0.0.0, Culture=neutral, PublicKeyToken=b03f5f7f11d50a3a" className="NSubstitute.Tests.GetStarted, NSubstitute.Tests, Version=1.0.0.0, Culture=neutral, PublicKeyToken=null" name="Test_GetStarted_RaiseEvents" />
    </UnitTest>
    <UnitTest name="Test_CheckReceivedCalls_CheckingCallsToIndexers" storage="c:\users\gaoc\downloads\nsubstitute-master\source\nsubstitute.tests\bin\debug\nsubstitute.tests.dll" id="c1994eb5-f367-cbc3-2461-d0f3eaf92765">
      <Execution id="f898ed87-4a06-45a6-ba9c-1eeb40417001" />
      <TestMethod codeBase="C:/Users/gaoc/Downloads/NSubstitute-master/Source/NSubstitute.Tests/bin/Debug/NSubstitute.Tests.DLL" adapterTypeName="Microsoft.VisualStudio.TestTools.TestTypes.Unit.UnitTestAdapter, Microsoft.VisualStudio.QualityTools.Tips.UnitTest.Adapter, Version=10.0.0.0, Culture=neutral, PublicKeyToken=b03f5f7f11d50a3a" className="NSubstitute.Tests.CheckReceivedCalls, NSubstitute.Tests, Version=1.0.0.0, Culture=neutral, PublicKeyToken=null" name="Test_CheckReceivedCalls_CheckingCallsToIndexers" />
    </UnitTest>
    <UnitTest name="Test_SettingReturnValue_ReturnsValueFromProperty" storage="c:\users\gaoc\downloads\nsubstitute-master\source\nsubstitute.tests\bin\debug\nsubstitute.tests.dll" id="84fd2701-ebec-1c0f-2177-061cc2cf872c">
      <Execution id="2fc06bc0-735d-428f-9a5e-57989344db39" />
      <TestMethod codeBase="C:/Users/gaoc/Downloads/NSubstitute-master/Source/NSubstitute.Tests/bin/Debug/NSubstitute.Tests.DLL" adapterTypeName="Microsoft.VisualStudio.TestTools.TestTypes.Unit.UnitTestAdapter, Microsoft.VisualStudio.QualityTools.Tips.UnitTest.Adapter, Version=10.0.0.0, Culture=neutral, PublicKeyToken=b03f5f7f11d50a3a" className="NSubstitute.Tests.SettingReturnValue, NSubstitute.Tests, Version=1.0.0.0, Culture=neutral, PublicKeyToken=null" name="Test_SettingReturnValue_ReturnsValueFromProperty" />
    </UnitTest>
    <UnitTest name="Test_RaisingEvents_RaisingActionEvents" storage="c:\users\gaoc\downloads\nsubstitute-master\source\nsubstitute.tests\bin\debug\nsubstitute.tests.dll" id="633d2457-28fe-ba40-8b7c-d6c61c894d4c">
      <Execution id="5ee365dd-23d2-451a-9195-7618fea422d6" />
      <TestMethod codeBase="C:/Users/gaoc/Downloads/NSubstitute-master/Source/NSubstitute.Tests/bin/Debug/NSubstitute.Tests.DLL" adapterTypeName="Microsoft.VisualStudio.TestTools.TestTypes.Unit.UnitTestAdapter, Microsoft.VisualStudio.QualityTools.Tips.UnitTest.Adapter, Version=10.0.0.0, Culture=neutral, PublicKeyToken=b03f5f7f11d50a3a" className="NSubstitute.Tests.RaisingEvents, NSubstitute.Tests, Version=1.0.0.0, Culture=neutral, PublicKeyToken=null" name="Test_RaisingEvents_RaisingActionEvents" />
    </UnitTest>
    <UnitTest name="Test_CheckReceivedCalls_CallReceivedWithSpecificArguments" storage="c:\users\gaoc\downloads\nsubstitute-master\source\nsubstitute.tests\bin\debug\nsubstitute.tests.dll" id="ac2ce793-5d04-f54f-a453-20de6f14af9c">
      <Execution id="f1961fa2-6e69-41b9-996a-0216456caf1d" />
      <TestMethod codeBase="C:/Users/gaoc/Downloads/NSubstitute-master/Source/NSubstitute.Tests/bin/Debug/NSubstitute.Tests.DLL" adapterTypeName="Microsoft.VisualStudio.TestTools.TestTypes.Unit.UnitTestAdapter, Microsoft.VisualStudio.QualityTools.Tips.UnitTest.Adapter, Version=10.0.0.0, Culture=neutral, PublicKeyToken=b03f5f7f11d50a3a" className="NSubstitute.Tests.CheckReceivedCalls, NSubstitute.Tests, Version=1.0.0.0, Culture=neutral, PublicKeyToken=null" name="Test_CheckReceivedCalls_CallReceivedWithSpecificArguments" />
    </UnitTest>
    <UnitTest name="Test_CheckingCallOrder_CommandRunWhileConnectionIsOpen" storage="c:\users\gaoc\downloads\nsubstitute-master\source\nsubstitute.tests\bin\debug\nsubstitute.tests.dll" id="edfa74ad-4483-90cb-71c1-07cb8ad00650">
      <Execution id="67b1d991-554d-4f53-8856-e23b6c2a7ec8" />
      <TestMethod codeBase="C:/Users/gaoc/Downloads/NSubstitute-master/Source/NSubstitute.Tests/bin/Debug/NSubstitute.Tests.DLL" adapterTypeName="Microsoft.VisualStudio.TestTools.TestTypes.Unit.UnitTestAdapter, Microsoft.VisualStudio.QualityTools.Tips.UnitTest.Adapter, Version=10.0.0.0, Culture=neutral, PublicKeyToken=b03f5f7f11d50a3a" className="NSubstitute.Tests.CheckingCallOrder, NSubstitute.Tests, Version=1.0.0.0, Culture=neutral, PublicKeyToken=null" name="Test_CheckingCallOrder_CommandRunWhileConnectionIsOpen" />
    </UnitTest>
    <UnitTest name="Test_SettingReturnValue_ReturnsDefaultValueWithDifferentArguments" storage="c:\users\gaoc\downloads\nsubstitute-master\source\nsubstitute.tests\bin\debug\nsubstitute.tests.dll" id="ba0128b2-86bc-7255-0c1b-72e968e8113d">
      <Execution id="ab2ea601-0c68-47ff-8559-59cde2ce33be" />
      <TestMethod codeBase="C:/Users/gaoc/Downloads/NSubstitute-master/Source/NSubstitute.Tests/bin/Debug/NSubstitute.Tests.DLL" adapterTypeName="Microsoft.VisualStudio.TestTools.TestTypes.Unit.UnitTestAdapter, Microsoft.VisualStudio.QualityTools.Tips.UnitTest.Adapter, Version=10.0.0.0, Culture=neutral, PublicKeyToken=b03f5f7f11d50a3a" className="NSubstitute.Tests.SettingReturnValue, NSubstitute.Tests, Version=1.0.0.0, Culture=neutral, PublicKeyToken=null" name="Test_SettingReturnValue_ReturnsDefaultValueWithDifferentArguments" />
    </UnitTest>
    <UnitTest name="Test_AutoRecursiveMocks_AutoValues" storage="c:\users\gaoc\downloads\nsubstitute-master\source\nsubstitute.tests\bin\debug\nsubstitute.tests.dll" id="bbc6f144-5d6b-b0ae-1df1-243bea6ff857">
      <Execution id="e26202a5-6420-4900-a306-e42a23db3b1e" />
      <TestMethod codeBase="C:/Users/gaoc/Downloads/NSubstitute-master/Source/NSubstitute.Tests/bin/Debug/NSubstitute.Tests.DLL" adapterTypeName="Microsoft.VisualStudio.TestTools.TestTypes.Unit.UnitTestAdapter, Microsoft.VisualStudio.QualityTools.Tips.UnitTest.Adapter, Version=10.0.0.0, Culture=neutral, PublicKeyToken=b03f5f7f11d50a3a" className="NSubstitute.Tests.AutoRecursiveMocks, NSubstitute.Tests, Version=1.0.0.0, Culture=neutral, PublicKeyToken=null" name="Test_AutoRecursiveMocks_AutoValues" />
    </UnitTest>
    <UnitTest name="Test_SettingReturnValue_ReturnsValueWithSpecifiedArguments" storage="c:\users\gaoc\downloads\nsubstitute-master\source\nsubstitute.tests\bin\debug\nsubstitute.tests.dll" id="41941982-5e26-5c23-d31b-5eb2e968a684">
      <Execution id="2346dc08-56bb-435b-85b8-72e0cac46fb3" />
      <TestMethod codeBase="C:/Users/gaoc/Downloads/NSubstitute-master/Source/NSubstitute.Tests/bin/Debug/NSubstitute.Tests.DLL" adapterTypeName="Microsoft.VisualStudio.TestTools.TestTypes.Unit.UnitTestAdapter, Microsoft.VisualStudio.QualityTools.Tips.UnitTest.Adapter, Version=10.0.0.0, Culture=neutral, PublicKeyToken=b03f5f7f11d50a3a" className="NSubstitute.Tests.SettingReturnValue, NSubstitute.Tests, Version=1.0.0.0, Culture=neutral, PublicKeyToken=null" name="Test_SettingReturnValue_ReturnsValueWithSpecifiedArguments" />
    </UnitTest>
    <UnitTest name="Test_CheckReceivedCalls_MakeSureWatcherSubscribesToCommandExecuted" storage="c:\users\gaoc\downloads\nsubstitute-master\source\nsubstitute.tests\bin\debug\nsubstitute.tests.dll" id="63099033-136a-b755-8ed7-175b59f4791a">
      <Execution id="d52f34a8-dd61-4f61-88e9-f8fcf1c3a975" />
      <TestMethod codeBase="C:/Users/gaoc/Downloads/NSubstitute-master/Source/NSubstitute.Tests/bin/Debug/NSubstitute.Tests.DLL" adapterTypeName="Microsoft.VisualStudio.TestTools.TestTypes.Unit.UnitTestAdapter, Microsoft.VisualStudio.QualityTools.Tips.UnitTest.Adapter, Version=10.0.0.0, Culture=neutral, PublicKeyToken=b03f5f7f11d50a3a" className="NSubstitute.Tests.CheckReceivedCalls, NSubstitute.Tests, Version=1.0.0.0, Culture=neutral, PublicKeyToken=null" name="Test_CheckReceivedCalls_MakeSureWatcherSubscribesToCommandExecuted" />
    </UnitTest>
    <UnitTest name="Test_ActionsWithArgumentMatchers_InvokingCallbacks" storage="c:\users\gaoc\downloads\nsubstitute-master\source\nsubstitute.tests\bin\debug\nsubstitute.tests.dll" id="8e591eb5-d291-8b0a-d7cb-27c1fb7e8949">
      <Execution id="8e7d220e-7345-4013-b2f1-c633769b827d" />
      <TestMethod codeBase="C:/Users/gaoc/Downloads/NSubstitute-master/Source/NSubstitute.Tests/bin/Debug/NSubstitute.Tests.DLL" adapterTypeName="Microsoft.VisualStudio.TestTools.TestTypes.Unit.UnitTestAdapter, Microsoft.VisualStudio.QualityTools.Tips.UnitTest.Adapter, Version=10.0.0.0, Culture=neutral, PublicKeyToken=b03f5f7f11d50a3a" className="NSubstitute.Tests.ActionsWithArgumentMatchers, NSubstitute.Tests, Version=1.0.0.0, Culture=neutral, PublicKeyToken=null" name="Test_ActionsWithArgumentMatchers_InvokingCallbacks" />
    </UnitTest>
    <UnitTest name="Test_AutoRecursiveMocks_AutomaticallyCreateSubstitutes" storage="c:\users\gaoc\downloads\nsubstitute-master\source\nsubstitute.tests\bin\debug\nsubstitute.tests.dll" id="ea2938e8-6df8-38dc-d8db-acc3972a68a3">
      <Execution id="d3404a6b-bfd2-4770-a523-afa5e8e67872" />
      <TestMethod codeBase="C:/Users/gaoc/Downloads/NSubstitute-master/Source/NSubstitute.Tests/bin/Debug/NSubstitute.Tests.DLL" adapterTypeName="Microsoft.VisualStudio.TestTools.TestTypes.Unit.UnitTestAdapter, Microsoft.VisualStudio.QualityTools.Tips.UnitTest.Adapter, Version=10.0.0.0, Culture=neutral, PublicKeyToken=b03f5f7f11d50a3a" className="NSubstitute.Tests.AutoRecursiveMocks, NSubstitute.Tests, Version=1.0.0.0, Culture=neutral, PublicKeyToken=null" name="Test_AutoRecursiveMocks_AutomaticallyCreateSubstitutes" />
    </UnitTest>
    <UnitTest name="Test_ArgumentMatchers_MatchingSpecificArgument" storage="c:\users\gaoc\downloads\nsubstitute-master\source\nsubstitute.tests\bin\debug\nsubstitute.tests.dll" id="c4a4826f-58bd-c035-ec52-784bfe7e2bde">
      <Execution id="1d5a4bc4-809d-4a08-aa55-f4e1ef80440e" />
      <TestMethod codeBase="C:/Users/gaoc/Downloads/NSubstitute-master/Source/NSubstitute.Tests/bin/Debug/NSubstitute.Tests.DLL" adapterTypeName="Microsoft.VisualStudio.TestTools.TestTypes.Unit.UnitTestAdapter, Microsoft.VisualStudio.QualityTools.Tips.UnitTest.Adapter, Version=10.0.0.0, Culture=neutral, PublicKeyToken=b03f5f7f11d50a3a" className="NSubstitute.Tests.ArgumentMatchers, NSubstitute.Tests, Version=1.0.0.0, Culture=neutral, PublicKeyToken=null" name="Test_ArgumentMatchers_MatchingSpecificArgument" />
    </UnitTest>
    <UnitTest name="Test_ActionsWithArgumentMatchers_PerformingActionsWithArgs" storage="c:\users\gaoc\downloads\nsubstitute-master\source\nsubstitute.tests\bin\debug\nsubstitute.tests.dll" id="35b4b551-44ca-6808-3bea-6c4bed612170">
      <Execution id="2ea46659-97b6-440f-aaeb-b51abadb8e70" />
      <TestMethod codeBase="C:/Users/gaoc/Downloads/NSubstitute-master/Source/NSubstitute.Tests/bin/Debug/NSubstitute.Tests.DLL" adapterTypeName="Microsoft.VisualStudio.TestTools.TestTypes.Unit.UnitTestAdapter, Microsoft.VisualStudio.QualityTools.Tips.UnitTest.Adapter, Version=10.0.0.0, Culture=neutral, PublicKeyToken=b03f5f7f11d50a3a" className="NSubstitute.Tests.ActionsWithArgumentMatchers, NSubstitute.Tests, Version=1.0.0.0, Culture=neutral, PublicKeyToken=null" name="Test_ActionsWithArgumentMatchers_PerformingActionsWithArgs" />
    </UnitTest>
    <UnitTest name="Test_ReturnFromFunction_UseAndDoesAfterReturns" storage="c:\users\gaoc\downloads\nsubstitute-master\source\nsubstitute.tests\bin\debug\nsubstitute.tests.dll" id="3096e054-3259-8708-8ddf-49f034d76760">
      <Execution id="44aae980-7ca2-49fc-ac9a-0357cc27fef4" />
      <TestMethod codeBase="C:/Users/gaoc/Downloads/NSubstitute-master/Source/NSubstitute.Tests/bin/Debug/NSubstitute.Tests.DLL" adapterTypeName="Microsoft.VisualStudio.TestTools.TestTypes.Unit.UnitTestAdapter, Microsoft.VisualStudio.QualityTools.Tips.UnitTest.Adapter, Version=10.0.0.0, Culture=neutral, PublicKeyToken=b03f5f7f11d50a3a" className="NSubstitute.Tests.ReturnFromFunction, NSubstitute.Tests, Version=1.0.0.0, Culture=neutral, PublicKeyToken=null" name="Test_ReturnFromFunction_UseAndDoesAfterReturns" />
    </UnitTest>
    <UnitTest name="Test_CallbacksWhenDo_PassFunctionsToReturns" storage="c:\users\gaoc\downloads\nsubstitute-master\source\nsubstitute.tests\bin\debug\nsubstitute.tests.dll" id="f3f35488-58cf-e872-ce89-57c11f2c1e05">
      <Execution id="712bfefe-0748-450e-bd43-434f6afeee3e" />
      <TestMethod codeBase="C:/Users/gaoc/Downloads/NSubstitute-master/Source/NSubstitute.Tests/bin/Debug/NSubstitute.Tests.DLL" adapterTypeName="Microsoft.VisualStudio.TestTools.TestTypes.Unit.UnitTestAdapter, Microsoft.VisualStudio.QualityTools.Tips.UnitTest.Adapter, Version=10.0.0.0, Culture=neutral, PublicKeyToken=b03f5f7f11d50a3a" className="NSubstitute.Tests.CallbacksWhenDo, NSubstitute.Tests, Version=1.0.0.0, Culture=neutral, PublicKeyToken=null" name="Test_CallbacksWhenDo_PassFunctionsToReturns" />
    </UnitTest>
    <UnitTest name="Test_CheckReceivedCalls_CheckingEventSubscriptions" storage="c:\users\gaoc\downloads\nsubstitute-master\source\nsubstitute.tests\bin\debug\nsubstitute.tests.dll" id="87ce7ef0-a524-0bd1-3013-4b852dc5e454">
      <Execution id="d4369e27-a1e7-4fa1-9188-a2599e170fa0" />
      <TestMethod codeBase="C:/Users/gaoc/Downloads/NSubstitute-master/Source/NSubstitute.Tests/bin/Debug/NSubstitute.Tests.DLL" adapterTypeName="Microsoft.VisualStudio.TestTools.TestTypes.Unit.UnitTestAdapter, Microsoft.VisualStudio.QualityTools.Tips.UnitTest.Adapter, Version=10.0.0.0, Culture=neutral, PublicKeyToken=b03f5f7f11d50a3a" className="NSubstitute.Tests.CheckReceivedCalls, NSubstitute.Tests, Version=1.0.0.0, Culture=neutral, PublicKeyToken=null" name="Test_CheckReceivedCalls_CheckingEventSubscriptions" />
    </UnitTest>
    <UnitTest name="Test_ReturnForAnyArgs_ReturnForAnyArgs" storage="c:\users\gaoc\downloads\nsubstitute-master\source\nsubstitute.tests\bin\debug\nsubstitute.tests.dll" id="5a1cfb8d-6d1c-0044-66eb-2f9f31a159f0">
      <Execution id="ed9ec738-bd0f-414f-9be9-7f9326231b5c" />
      <TestMethod codeBase="C:/Users/gaoc/Downloads/NSubstitute-master/Source/NSubstitute.Tests/bin/Debug/NSubstitute.Tests.DLL" adapterTypeName="Microsoft.VisualStudio.TestTools.TestTypes.Unit.UnitTestAdapter, Microsoft.VisualStudio.QualityTools.Tips.UnitTest.Adapter, Version=10.0.0.0, Culture=neutral, PublicKeyToken=b03f5f7f11d50a3a" className="NSubstitute.Tests.ReturnForAnyArgs, NSubstitute.Tests, Version=1.0.0.0, Culture=neutral, PublicKeyToken=null" name="Test_ReturnForAnyArgs_ReturnForAnyArgs" />
    </UnitTest>
    <UnitTest name="Test_ThrowingExceptions_ForVoid" storage="c:\users\gaoc\downloads\nsubstitute-master\source\nsubstitute.tests\bin\debug\nsubstitute.tests.dll" id="e3be2852-e2be-d3cf-11a8-8b4aa463f7cc">
      <Execution id="d22d6ab5-a4ec-4463-b591-f98c19d12e1a" />
      <TestMethod codeBase="C:/Users/gaoc/Downloads/NSubstitute-master/Source/NSubstitute.Tests/bin/Debug/NSubstitute.Tests.DLL" adapterTypeName="Microsoft.VisualStudio.TestTools.TestTypes.Unit.UnitTestAdapter, Microsoft.VisualStudio.QualityTools.Tips.UnitTest.Adapter, Version=10.0.0.0, Culture=neutral, PublicKeyToken=b03f5f7f11d50a3a" className="NSubstitute.Tests.ThrowingExceptions, NSubstitute.Tests, Version=1.0.0.0, Culture=neutral, PublicKeyToken=null" name="Test_ThrowingExceptions_ForVoid" />
    </UnitTest>
    <UnitTest name="Test_ArgumentMatchers_ConditionallyMatchingThrowException" storage="c:\users\gaoc\downloads\nsubstitute-master\source\nsubstitute.tests\bin\debug\nsubstitute.tests.dll" id="ece0a6f3-63de-fab5-3354-7d9f3344d1fc">
      <Execution id="4f84af1b-db79-4d54-814a-2da7843d94ac" />
      <TestMethod codeBase="C:/Users/gaoc/Downloads/NSubstitute-master/Source/NSubstitute.Tests/bin/Debug/NSubstitute.Tests.DLL" adapterTypeName="Microsoft.VisualStudio.TestTools.TestTypes.Unit.UnitTestAdapter, Microsoft.VisualStudio.QualityTools.Tips.UnitTest.Adapter, Version=10.0.0.0, Culture=neutral, PublicKeyToken=b03f5f7f11d50a3a" className="NSubstitute.Tests.ArgumentMatchers, NSubstitute.Tests, Version=1.0.0.0, Culture=neutral, PublicKeyToken=null" name="Test_ArgumentMatchers_ConditionallyMatchingThrowException" />
    </UnitTest>
    <UnitTest name="Test_CheckingCallOrder_SubscribeToEventBeforeOpeningConnection" storage="c:\users\gaoc\downloads\nsubstitute-master\source\nsubstitute.tests\bin\debug\nsubstitute.tests.dll" id="11a4b43b-2848-fc71-71a8-579477fec509">
      <Execution id="91bd1c70-cd6e-4fd6-a782-f1f7aba054dd" />
      <TestMethod codeBase="C:/Users/gaoc/Downloads/NSubstitute-master/Source/NSubstitute.Tests/bin/Debug/NSubstitute.Tests.DLL" adapterTypeName="Microsoft.VisualStudio.TestTools.TestTypes.Unit.UnitTestAdapter, Microsoft.VisualStudio.QualityTools.Tips.UnitTest.Adapter, Version=10.0.0.0, Culture=neutral, PublicKeyToken=b03f5f7f11d50a3a" className="NSubstitute.Tests.CheckingCallOrder, NSubstitute.Tests, Version=1.0.0.0, Culture=neutral, PublicKeyToken=null" name="Test_CheckingCallOrder_SubscribeToEventBeforeOpeningConnection" />
    </UnitTest>
    <UnitTest name="Test_ThrowingExceptions_ForNonVoidAndVoid" storage="c:\users\gaoc\downloads\nsubstitute-master\source\nsubstitute.tests\bin\debug\nsubstitute.tests.dll" id="9dfc26d3-d54c-81a0-c8f7-fa9fae0aa3da">
      <Execution id="72b0fc78-51c9-4aee-a3df-3478a7a1301a" />
      <TestMethod codeBase="C:/Users/gaoc/Downloads/NSubstitute-master/Source/NSubstitute.Tests/bin/Debug/NSubstitute.Tests.DLL" adapterTypeName="Microsoft.VisualStudio.TestTools.TestTypes.Unit.UnitTestAdapter, Microsoft.VisualStudio.QualityTools.Tips.UnitTest.Adapter, Version=10.0.0.0, Culture=neutral, PublicKeyToken=b03f5f7f11d50a3a" className="NSubstitute.Tests.ThrowingExceptions, NSubstitute.Tests, Version=1.0.0.0, Culture=neutral, PublicKeyToken=null" name="Test_ThrowingExceptions_ForNonVoidAndVoid" />
    </UnitTest>
    <UnitTest name="Test_ReturnFromFunction_CallInfo" storage="c:\users\gaoc\downloads\nsubstitute-master\source\nsubstitute.tests\bin\debug\nsubstitute.tests.dll" id="a95e8237-4375-b96d-ff95-2a05931873d1">
      <Execution id="45b20b21-f8c4-4172-bf30-58cf08bb6cff" />
      <TestMethod codeBase="C:/Users/gaoc/Downloads/NSubstitute-master/Source/NSubstitute.Tests/bin/Debug/NSubstitute.Tests.DLL" adapterTypeName="Microsoft.VisualStudio.TestTools.TestTypes.Unit.UnitTestAdapter, Microsoft.VisualStudio.QualityTools.Tips.UnitTest.Adapter, Version=10.0.0.0, Culture=neutral, PublicKeyToken=b03f5f7f11d50a3a" className="NSubstitute.Tests.ReturnFromFunction, NSubstitute.Tests, Version=1.0.0.0, Culture=neutral, PublicKeyToken=null" name="Test_ReturnFromFunction_CallInfo" />
    </UnitTest>
    <UnitTest name="Test_ReturnForSpecificArgs_UseArgumentsMatcher" storage="c:\users\gaoc\downloads\nsubstitute-master\source\nsubstitute.tests\bin\debug\nsubstitute.tests.dll" id="e1ae571f-a60a-1d87-7027-29328e4afbcb">
      <Execution id="c3418742-40dc-4dc3-8874-1dfaa23e3110" />
      <TestMethod codeBase="C:/Users/gaoc/Downloads/NSubstitute-master/Source/NSubstitute.Tests/bin/Debug/NSubstitute.Tests.DLL" adapterTypeName="Microsoft.VisualStudio.TestTools.TestTypes.Unit.UnitTestAdapter, Microsoft.VisualStudio.QualityTools.Tips.UnitTest.Adapter, Version=10.0.0.0, Culture=neutral, PublicKeyToken=b03f5f7f11d50a3a" className="NSubstitute.Tests.ReturnForSpecificArgs, NSubstitute.Tests, Version=1.0.0.0, Culture=neutral, PublicKeyToken=null" name="Test_ReturnForSpecificArgs_UseArgumentsMatcher" />
    </UnitTest>
    <UnitTest name="Test_AutoRecursiveMocks_ManuallyCreateSubstitutes" storage="c:\users\gaoc\downloads\nsubstitute-master\source\nsubstitute.tests\bin\debug\nsubstitute.tests.dll" id="61c5d9ef-a0e1-b5eb-9ccd-95af148c688e">
      <Execution id="f06a2818-f348-4223-8fe1-ad6e952a9e73" />
      <TestMethod codeBase="C:/Users/gaoc/Downloads/NSubstitute-master/Source/NSubstitute.Tests/bin/Debug/NSubstitute.Tests.DLL" adapterTypeName="Microsoft.VisualStudio.TestTools.TestTypes.Unit.UnitTestAdapter, Microsoft.VisualStudio.QualityTools.Tips.UnitTest.Adapter, Version=10.0.0.0, Culture=neutral, PublicKeyToken=b03f5f7f11d50a3a" className="NSubstitute.Tests.AutoRecursiveMocks, NSubstitute.Tests, Version=1.0.0.0, Culture=neutral, PublicKeyToken=null" name="Test_AutoRecursiveMocks_ManuallyCreateSubstitutes" />
    </UnitTest>
    <UnitTest name="Test_ActionsWithArgumentMatchers_PerformingActionsWithAnyArgs" storage="c:\users\gaoc\downloads\nsubstitute-master\source\nsubstitute.tests\bin\debug\nsubstitute.tests.dll" id="68bbdd05-977b-3117-bad0-4a793312f50f">
      <Execution id="5fc92da6-c2af-4ad9-93f8-517b1ac0a143" />
      <TestMethod codeBase="C:/Users/gaoc/Downloads/NSubstitute-master/Source/NSubstitute.Tests/bin/Debug/NSubstitute.Tests.DLL" adapterTypeName="Microsoft.VisualStudio.TestTools.TestTypes.Unit.UnitTestAdapter, Microsoft.VisualStudio.QualityTools.Tips.UnitTest.Adapter, Version=10.0.0.0, Culture=neutral, PublicKeyToken=b03f5f7f11d50a3a" className="NSubstitute.Tests.ActionsWithArgumentMatchers, NSubstitute.Tests, Version=1.0.0.0, Culture=neutral, PublicKeyToken=null" name="Test_ActionsWithArgumentMatchers_PerformingActionsWithAnyArgs" />
    </UnitTest>
    <UnitTest name="Test_CreatingSubstitute_SpecifiedOneClassType" storage="c:\users\gaoc\downloads\nsubstitute-master\source\nsubstitute.tests\bin\debug\nsubstitute.tests.dll" id="10496742-5a9a-713d-f7e4-0fa0febd06b1">
      <Execution id="35e4c391-e666-4f04-a13b-59a7122d9647" />
      <TestMethod codeBase="C:/Users/gaoc/Downloads/NSubstitute-master/Source/NSubstitute.Tests/bin/Debug/NSubstitute.Tests.DLL" adapterTypeName="Microsoft.VisualStudio.TestTools.TestTypes.Unit.UnitTestAdapter, Microsoft.VisualStudio.QualityTools.Tips.UnitTest.Adapter, Version=10.0.0.0, Culture=neutral, PublicKeyToken=b03f5f7f11d50a3a" className="NSubstitute.Tests.CreatingSubstitute, NSubstitute.Tests, Version=1.0.0.0, Culture=neutral, PublicKeyToken=null" name="Test_CreatingSubstitute_SpecifiedOneClassType" />
    </UnitTest>
    <UnitTest name="Test_MultipleReturnValues_ReturnMultipleValues" storage="c:\users\gaoc\downloads\nsubstitute-master\source\nsubstitute.tests\bin\debug\nsubstitute.tests.dll" id="ff33da5e-29d8-5a7c-ebfa-2966f98e7eaf">
      <Execution id="dcc60169-a3d1-4b09-aa04-d2ebd25a3755" />
      <TestMethod codeBase="C:/Users/gaoc/Downloads/NSubstitute-master/Source/NSubstitute.Tests/bin/Debug/NSubstitute.Tests.DLL" adapterTypeName="Microsoft.VisualStudio.TestTools.TestTypes.Unit.UnitTestAdapter, Microsoft.VisualStudio.QualityTools.Tips.UnitTest.Adapter, Version=10.0.0.0, Culture=neutral, PublicKeyToken=b03f5f7f11d50a3a" className="NSubstitute.Tests.MultipleReturnValues, NSubstitute.Tests, Version=1.0.0.0, Culture=neutral, PublicKeyToken=null" name="Test_MultipleReturnValues_ReturnMultipleValues" />
    </UnitTest>
    <UnitTest name="Test_ActionsWithArgumentMatchers_ArgActionsCallSpec" storage="c:\users\gaoc\downloads\nsubstitute-master\source\nsubstitute.tests\bin\debug\nsubstitute.tests.dll" id="5aafc54a-b79f-942c-8da6-576a95145a8b">
      <Execution id="17e1bb4d-7654-49f3-b4e7-f54a041ddf9a" />
      <TestMethod codeBase="C:/Users/gaoc/Downloads/NSubstitute-master/Source/NSubstitute.Tests/bin/Debug/NSubstitute.Tests.DLL" adapterTypeName="Microsoft.VisualStudio.TestTools.TestTypes.Unit.UnitTestAdapter, Microsoft.VisualStudio.QualityTools.Tips.UnitTest.Adapter, Version=10.0.0.0, Culture=neutral, PublicKeyToken=b03f5f7f11d50a3a" className="NSubstitute.Tests.ActionsWithArgumentMatchers, NSubstitute.Tests, Version=1.0.0.0, Culture=neutral, PublicKeyToken=null" name="Test_ActionsWithArgumentMatchers_ArgActionsCallSpec" />
    </UnitTest>
    <UnitTest name="Test_SetOutRefArgs_SetOutArg" storage="c:\users\gaoc\downloads\nsubstitute-master\source\nsubstitute.tests\bin\debug\nsubstitute.tests.dll" id="0a92879f-853c-02db-3345-d9c7ff0e1b6a">
      <Execution id="a90dd5a5-012d-4a3d-a340-5ee7d0bd6ced" />
      <TestMethod codeBase="C:/Users/gaoc/Downloads/NSubstitute-master/Source/NSubstitute.Tests/bin/Debug/NSubstitute.Tests.DLL" adapterTypeName="Microsoft.VisualStudio.TestTools.TestTypes.Unit.UnitTestAdapter, Microsoft.VisualStudio.QualityTools.Tips.UnitTest.Adapter, Version=10.0.0.0, Culture=neutral, PublicKeyToken=b03f5f7f11d50a3a" className="NSubstitute.Tests.SetOutRefArgs, NSubstitute.Tests, Version=1.0.0.0, Culture=neutral, PublicKeyToken=null" name="Test_SetOutRefArgs_SetOutArg" />
    </UnitTest>
    <UnitTest name="Test_GetStarted_MultipleValues" storage="c:\users\gaoc\downloads\nsubstitute-master\source\nsubstitute.tests\bin\debug\nsubstitute.tests.dll" id="8ab4d140-c113-0db8-5b74-3ada58d4721a">
      <Execution id="5c5aa287-af43-4c43-9d29-a0ac99b75dbe" />
      <TestMethod codeBase="C:/Users/gaoc/Downloads/NSubstitute-master/Source/NSubstitute.Tests/bin/Debug/NSubstitute.Tests.DLL" adapterTypeName="Microsoft.VisualStudio.TestTools.TestTypes.Unit.UnitTestAdapter, Microsoft.VisualStudio.QualityTools.Tips.UnitTest.Adapter, Version=10.0.0.0, Culture=neutral, PublicKeyToken=b03f5f7f11d50a3a" className="NSubstitute.Tests.GetStarted, NSubstitute.Tests, Version=1.0.0.0, Culture=neutral, PublicKeyToken=null" name="Test_GetStarted_MultipleValues" />
    </UnitTest>
    <UnitTest name="Test_CheckReceivedCalls_CallReceivedNumberOfSpecifiedTimes" storage="c:\users\gaoc\downloads\nsubstitute-master\source\nsubstitute.tests\bin\debug\nsubstitute.tests.dll" id="9c8501e8-94a4-531f-c784-5da31227095d">
      <Execution id="0f9a7c6e-3548-4d2d-81df-7bbc4820934f" />
      <TestMethod codeBase="C:/Users/gaoc/Downloads/NSubstitute-master/Source/NSubstitute.Tests/bin/Debug/NSubstitute.Tests.DLL" adapterTypeName="Microsoft.VisualStudio.TestTools.TestTypes.Unit.UnitTestAdapter, Microsoft.VisualStudio.QualityTools.Tips.UnitTest.Adapter, Version=10.0.0.0, Culture=neutral, PublicKeyToken=b03f5f7f11d50a3a" className="NSubstitute.Tests.CheckReceivedCalls, NSubstitute.Tests, Version=1.0.0.0, Culture=neutral, PublicKeyToken=null" name="Test_CheckReceivedCalls_CallReceivedNumberOfSpecifiedTimes" />
    </UnitTest>
    <UnitTest name="Test_GetStarted_SetPropertyValue" storage="c:\users\gaoc\downloads\nsubstitute-master\source\nsubstitute.tests\bin\debug\nsubstitute.tests.dll" id="d446c491-10e0-e166-52c0-b8bc2ca38201">
      <Execution id="28fa806a-aaa5-4104-bb81-b6d9cabd772e" />
      <TestMethod codeBase="C:/Users/gaoc/Downloads/NSubstitute-master/Source/NSubstitute.Tests/bin/Debug/NSubstitute.Tests.DLL" adapterTypeName="Microsoft.VisualStudio.TestTools.TestTypes.Unit.UnitTestAdapter, Microsoft.VisualStudio.QualityTools.Tips.UnitTest.Adapter, Version=10.0.0.0, Culture=neutral, PublicKeyToken=b03f5f7f11d50a3a" className="NSubstitute.Tests.GetStarted, NSubstitute.Tests, Version=1.0.0.0, Culture=neutral, PublicKeyToken=null" name="Test_GetStarted_SetPropertyValue" />
    </UnitTest>
    <UnitTest name="Test_CallbacksWhenDo_UseWhenDoOnNonVoid" storage="c:\users\gaoc\downloads\nsubstitute-master\source\nsubstitute.tests\bin\debug\nsubstitute.tests.dll" id="ac0c6bc1-aa56-c648-f900-a5d2966051b8">
      <Execution id="abd168ad-3616-46cc-9d90-8df165911e03" />
      <TestMethod codeBase="C:/Users/gaoc/Downloads/NSubstitute-master/Source/NSubstitute.Tests/bin/Debug/NSubstitute.Tests.DLL" adapterTypeName="Microsoft.VisualStudio.TestTools.TestTypes.Unit.UnitTestAdapter, Microsoft.VisualStudio.QualityTools.Tips.UnitTest.Adapter, Version=10.0.0.0, Culture=neutral, PublicKeyToken=b03f5f7f11d50a3a" className="NSubstitute.Tests.CallbacksWhenDo, NSubstitute.Tests, Version=1.0.0.0, Culture=neutral, PublicKeyToken=null" name="Test_CallbacksWhenDo_UseWhenDoOnNonVoid" />
    </UnitTest>
    <UnitTest name="Test_GetStarted_ReturnSpecifiedValue" storage="c:\users\gaoc\downloads\nsubstitute-master\source\nsubstitute.tests\bin\debug\nsubstitute.tests.dll" id="07e2010a-c56e-c267-2950-b054be0e0528">
      <Execution id="3e151a25-9777-4578-8df5-2d8cde97e115" />
      <TestMethod codeBase="C:/Users/gaoc/Downloads/NSubstitute-master/Source/NSubstitute.Tests/bin/Debug/NSubstitute.Tests.DLL" adapterTypeName="Microsoft.VisualStudio.TestTools.TestTypes.Unit.UnitTestAdapter, Microsoft.VisualStudio.QualityTools.Tips.UnitTest.Adapter, Version=10.0.0.0, Culture=neutral, PublicKeyToken=b03f5f7f11d50a3a" className="NSubstitute.Tests.GetStarted, NSubstitute.Tests, Version=1.0.0.0, Culture=neutral, PublicKeyToken=null" name="Test_GetStarted_ReturnSpecifiedValue" />
    </UnitTest>
    <UnitTest name="Test_ArgumentMatchers_ConditionallyMatching" storage="c:\users\gaoc\downloads\nsubstitute-master\source\nsubstitute.tests\bin\debug\nsubstitute.tests.dll" id="2b870a10-2014-bb17-8471-02981748685b">
      <Execution id="d930f0bf-e752-4426-9819-59692f29eeab" />
      <TestMethod codeBase="C:/Users/gaoc/Downloads/NSubstitute-master/Source/NSubstitute.Tests/bin/Debug/NSubstitute.Tests.DLL" adapterTypeName="Microsoft.VisualStudio.TestTools.TestTypes.Unit.UnitTestAdapter, Microsoft.VisualStudio.QualityTools.Tips.UnitTest.Adapter, Version=10.0.0.0, Culture=neutral, PublicKeyToken=b03f5f7f11d50a3a" className="NSubstitute.Tests.ArgumentMatchers, NSubstitute.Tests, Version=1.0.0.0, Culture=neutral, PublicKeyToken=null" name="Test_ArgumentMatchers_ConditionallyMatching" />
    </UnitTest>
    <UnitTest name="Test_ReturnFromFunction_ReturnSum" storage="c:\users\gaoc\downloads\nsubstitute-master\source\nsubstitute.tests\bin\debug\nsubstitute.tests.dll" id="99c6b28d-9043-2518-53df-056460c089aa">
      <Execution id="03bfb300-cd72-4af0-a0a1-5d85e3f19b80" />
      <TestMethod codeBase="C:/Users/gaoc/Downloads/NSubstitute-master/Source/NSubstitute.Tests/bin/Debug/NSubstitute.Tests.DLL" adapterTypeName="Microsoft.VisualStudio.TestTools.TestTypes.Unit.UnitTestAdapter, Microsoft.VisualStudio.QualityTools.Tips.UnitTest.Adapter, Version=10.0.0.0, Culture=neutral, PublicKeyToken=b03f5f7f11d50a3a" className="NSubstitute.Tests.ReturnFromFunction, NSubstitute.Tests, Version=1.0.0.0, Culture=neutral, PublicKeyToken=null" name="Test_ReturnFromFunction_ReturnSum" />
    </UnitTest>
    <UnitTest name="Test_CheckReceivedCalls_CallReceived" storage="c:\users\gaoc\downloads\nsubstitute-master\source\nsubstitute.tests\bin\debug\nsubstitute.tests.dll" id="4fddd043-620a-7155-62c0-904cbf548700">
      <Execution id="666bf9e3-52c7-4770-b836-1d440cc4365c" />
      <TestMethod codeBase="C:/Users/gaoc/Downloads/NSubstitute-master/Source/NSubstitute.Tests/bin/Debug/NSubstitute.Tests.DLL" adapterTypeName="Microsoft.VisualStudio.TestTools.TestTypes.Unit.UnitTestAdapter, Microsoft.VisualStudio.QualityTools.Tips.UnitTest.Adapter, Version=10.0.0.0, Culture=neutral, PublicKeyToken=b03f5f7f11d50a3a" className="NSubstitute.Tests.CheckReceivedCalls, NSubstitute.Tests, Version=1.0.0.0, Culture=neutral, PublicKeyToken=null" name="Test_CheckReceivedCalls_CallReceived" />
    </UnitTest>
    <UnitTest name="Test_RaisingEvents_RaiseEvent" storage="c:\users\gaoc\downloads\nsubstitute-master\source\nsubstitute.tests\bin\debug\nsubstitute.tests.dll" id="ef13a171-f444-9e15-c348-95561e067586">
      <Execution id="e2466ac8-8b82-431e-b6bc-20eb06c2c2a8" />
      <TestMethod codeBase="C:/Users/gaoc/Downloads/NSubstitute-master/Source/NSubstitute.Tests/bin/Debug/NSubstitute.Tests.DLL" adapterTypeName="Microsoft.VisualStudio.TestTools.TestTypes.Unit.UnitTestAdapter, Microsoft.VisualStudio.QualityTools.Tips.UnitTest.Adapter, Version=10.0.0.0, Culture=neutral, PublicKeyToken=b03f5f7f11d50a3a" className="NSubstitute.Tests.RaisingEvents, NSubstitute.Tests, Version=1.0.0.0, Culture=neutral, PublicKeyToken=null" name="Test_RaisingEvents_RaiseEvent" />
    </UnitTest>
    <UnitTest name="Test_RaisingEvents_ArgsDoNotHaveDefaultCtor" storage="c:\users\gaoc\downloads\nsubstitute-master\source\nsubstitute.tests\bin\debug\nsubstitute.tests.dll" id="8e7f21c7-738b-c376-16c5-d72a43ad628b">
      <Execution id="28273e77-bcc9-452b-a7ff-609dde2738a5" />
      <TestMethod codeBase="C:/Users/gaoc/Downloads/NSubstitute-master/Source/NSubstitute.Tests/bin/Debug/NSubstitute.Tests.DLL" adapterTypeName="Microsoft.VisualStudio.TestTools.TestTypes.Unit.UnitTestAdapter, Microsoft.VisualStudio.QualityTools.Tips.UnitTest.Adapter, Version=10.0.0.0, Culture=neutral, PublicKeyToken=b03f5f7f11d50a3a" className="NSubstitute.Tests.RaisingEvents, NSubstitute.Tests, Version=1.0.0.0, Culture=neutral, PublicKeyToken=null" name="Test_RaisingEvents_ArgsDoNotHaveDefaultCtor" />
    </UnitTest>
    <UnitTest name="Test_MultipleReturnValues_UsingCallbacks" storage="c:\users\gaoc\downloads\nsubstitute-master\source\nsubstitute.tests\bin\debug\nsubstitute.tests.dll" id="a1e6122a-c8e2-6056-4314-845fe8ae05c5">
      <Execution id="93f03dd1-3979-4a74-ae5c-938ff167ae10" />
      <TestMethod codeBase="C:/Users/gaoc/Downloads/NSubstitute-master/Source/NSubstitute.Tests/bin/Debug/NSubstitute.Tests.DLL" adapterTypeName="Microsoft.VisualStudio.TestTools.TestTypes.Unit.UnitTestAdapter, Microsoft.VisualStudio.QualityTools.Tips.UnitTest.Adapter, Version=10.0.0.0, Culture=neutral, PublicKeyToken=b03f5f7f11d50a3a" className="NSubstitute.Tests.MultipleReturnValues, NSubstitute.Tests, Version=1.0.0.0, Culture=neutral, PublicKeyToken=null" name="Test_MultipleReturnValues_UsingCallbacks" />
    </UnitTest>
    <UnitTest name="Test_ReturnFromFunction_GetCallbackWhenever" storage="c:\users\gaoc\downloads\nsubstitute-master\source\nsubstitute.tests\bin\debug\nsubstitute.tests.dll" id="8f225bef-6aa2-d904-ffb4-0f5e8186f5de">
      <Execution id="44f78b8a-9403-4b6f-8dc7-8e50e5c8bec3" />
      <TestMethod codeBase="C:/Users/gaoc/Downloads/NSubstitute-master/Source/NSubstitute.Tests/bin/Debug/NSubstitute.Tests.DLL" adapterTypeName="Microsoft.VisualStudio.TestTools.TestTypes.Unit.UnitTestAdapter, Microsoft.VisualStudio.QualityTools.Tips.UnitTest.Adapter, Version=10.0.0.0, Culture=neutral, PublicKeyToken=b03f5f7f11d50a3a" className="NSubstitute.Tests.ReturnFromFunction, NSubstitute.Tests, Version=1.0.0.0, Culture=neutral, PublicKeyToken=null" name="Test_ReturnFromFunction_GetCallbackWhenever" />
    </UnitTest>
    <UnitTest name="Test_GetStarted_GetSubstitute" storage="c:\users\gaoc\downloads\nsubstitute-master\source\nsubstitute.tests\bin\debug\nsubstitute.tests.dll" id="95cad0a1-0f71-826e-f35f-6a5499b3be0e">
      <Execution id="721df923-5842-4eea-9f5f-5024045c29ad" />
      <TestMethod codeBase="C:/Users/gaoc/Downloads/NSubstitute-master/Source/NSubstitute.Tests/bin/Debug/NSubstitute.Tests.DLL" adapterTypeName="Microsoft.VisualStudio.TestTools.TestTypes.Unit.UnitTestAdapter, Microsoft.VisualStudio.QualityTools.Tips.UnitTest.Adapter, Version=10.0.0.0, Culture=neutral, PublicKeyToken=b03f5f7f11d50a3a" className="NSubstitute.Tests.GetStarted, NSubstitute.Tests, Version=1.0.0.0, Culture=neutral, PublicKeyToken=null" name="Test_GetStarted_GetSubstitute" />
    </UnitTest>
    <UnitTest name="Test_GetStarted_DidNotReceivedSpecificCall" storage="c:\users\gaoc\downloads\nsubstitute-master\source\nsubstitute.tests\bin\debug\nsubstitute.tests.dll" id="17e11084-092f-f429-8cdc-d8017ca7adb8">
      <Execution id="2e765e5e-1916-4410-9098-ba2330e0ad87" />
      <TestMethod codeBase="C:/Users/gaoc/Downloads/NSubstitute-master/Source/NSubstitute.Tests/bin/Debug/NSubstitute.Tests.DLL" adapterTypeName="Microsoft.VisualStudio.TestTools.TestTypes.Unit.UnitTestAdapter, Microsoft.VisualStudio.QualityTools.Tips.UnitTest.Adapter, Version=10.0.0.0, Culture=neutral, PublicKeyToken=b03f5f7f11d50a3a" className="NSubstitute.Tests.GetStarted, NSubstitute.Tests, Version=1.0.0.0, Culture=neutral, PublicKeyToken=null" name="Test_GetStarted_DidNotReceivedSpecificCall" />
    </UnitTest>
    <UnitTest name="Test_CreatingSubstitute_ForDelegate" storage="c:\users\gaoc\downloads\nsubstitute-master\source\nsubstitute.tests\bin\debug\nsubstitute.tests.dll" id="4e2b7c3b-db3a-d889-b68d-32b143720a10">
      <Execution id="2d9a0bc3-ec64-407b-8e1d-7394409b1fa0" />
      <TestMethod codeBase="C:/Users/gaoc/Downloads/NSubstitute-master/Source/NSubstitute.Tests/bin/Debug/NSubstitute.Tests.DLL" adapterTypeName="Microsoft.VisualStudio.TestTools.TestTypes.Unit.UnitTestAdapter, Microsoft.VisualStudio.QualityTools.Tips.UnitTest.Adapter, Version=10.0.0.0, Culture=neutral, PublicKeyToken=b03f5f7f11d50a3a" className="NSubstitute.Tests.CreatingSubstitute, NSubstitute.Tests, Version=1.0.0.0, Culture=neutral, PublicKeyToken=null" name="Test_CreatingSubstitute_ForDelegate" />
    </UnitTest>
    <UnitTest name="Test_CallbacksWhenDo_UseWhenDo" storage="c:\users\gaoc\downloads\nsubstitute-master\source\nsubstitute.tests\bin\debug\nsubstitute.tests.dll" id="cefbb95e-99da-f3d4-ac52-557f57ee53ac">
      <Execution id="a8ae9279-eafa-487a-bc33-b738a6e41aae" />
      <TestMethod codeBase="C:/Users/gaoc/Downloads/NSubstitute-master/Source/NSubstitute.Tests/bin/Debug/NSubstitute.Tests.DLL" adapterTypeName="Microsoft.VisualStudio.TestTools.TestTypes.Unit.UnitTestAdapter, Microsoft.VisualStudio.QualityTools.Tips.UnitTest.Adapter, Version=10.0.0.0, Culture=neutral, PublicKeyToken=b03f5f7f11d50a3a" className="NSubstitute.Tests.CallbacksWhenDo, NSubstitute.Tests, Version=1.0.0.0, Culture=neutral, PublicKeyToken=null" name="Test_CallbacksWhenDo_UseWhenDo" />
    </UnitTest>
    <UnitTest name="Test_CheckReceivedCalls_CheckingCallsToPropeties" storage="c:\users\gaoc\downloads\nsubstitute-master\source\nsubstitute.tests\bin\debug\nsubstitute.tests.dll" id="6a350895-402a-fa9f-13d7-7beb4210647d">
      <Execution id="9d261d5a-ea88-4c44-8d4f-85cee3dcc74f" />
      <TestMethod codeBase="C:/Users/gaoc/Downloads/NSubstitute-master/Source/NSubstitute.Tests/bin/Debug/NSubstitute.Tests.DLL" adapterTypeName="Microsoft.VisualStudio.TestTools.TestTypes.Unit.UnitTestAdapter, Microsoft.VisualStudio.QualityTools.Tips.UnitTest.Adapter, Version=10.0.0.0, Culture=neutral, PublicKeyToken=b03f5f7f11d50a3a" className="NSubstitute.Tests.CheckReceivedCalls, NSubstitute.Tests, Version=1.0.0.0, Culture=neutral, PublicKeyToken=null" name="Test_CheckReceivedCalls_CheckingCallsToPropeties" />
    </UnitTest>
    <UnitTest name="Test_CreatingSubstitute_GetSubstitute" storage="c:\users\gaoc\downloads\nsubstitute-master\source\nsubstitute.tests\bin\debug\nsubstitute.tests.dll" id="9d2c8dfb-71f7-d2b9-e8c2-b8745d63ac3d">
      <Execution id="e6d252f8-70ab-47c8-93c0-40c67df6a657" />
      <TestMethod codeBase="C:/Users/gaoc/Downloads/NSubstitute-master/Source/NSubstitute.Tests/bin/Debug/NSubstitute.Tests.DLL" adapterTypeName="Microsoft.VisualStudio.TestTools.TestTypes.Unit.UnitTestAdapter, Microsoft.VisualStudio.QualityTools.Tips.UnitTest.Adapter, Version=10.0.0.0, Culture=neutral, PublicKeyToken=b03f5f7f11d50a3a" className="NSubstitute.Tests.CreatingSubstitute, NSubstitute.Tests, Version=1.0.0.0, Culture=neutral, PublicKeyToken=null" name="Test_CreatingSubstitute_GetSubstitute" />
    </UnitTest>
    <UnitTest name="Test_GetStarted_MatchArguments" storage="c:\users\gaoc\downloads\nsubstitute-master\source\nsubstitute.tests\bin\debug\nsubstitute.tests.dll" id="93488520-17c5-e5b2-565e-dc11a00ea8b6">
      <Execution id="ec21b10a-8fae-4e09-8f85-56a940cbc43c" />
      <TestMethod codeBase="C:/Users/gaoc/Downloads/NSubstitute-master/Source/NSubstitute.Tests/bin/Debug/NSubstitute.Tests.DLL" adapterTypeName="Microsoft.VisualStudio.TestTools.TestTypes.Unit.UnitTestAdapter, Microsoft.VisualStudio.QualityTools.Tips.UnitTest.Adapter, Version=10.0.0.0, Culture=neutral, PublicKeyToken=b03f5f7f11d50a3a" className="NSubstitute.Tests.GetStarted, NSubstitute.Tests, Version=1.0.0.0, Culture=neutral, PublicKeyToken=null" name="Test_GetStarted_MatchArguments" />
    </UnitTest>
    <UnitTest name="Test_ArgumentMatchers_IgnoringArguments" storage="c:\users\gaoc\downloads\nsubstitute-master\source\nsubstitute.tests\bin\debug\nsubstitute.tests.dll" id="79a0813f-4f72-323e-5a85-7dec12968438">
      <Execution id="e061d159-ea10-4ca9-a9be-c3db25c0ebb6" />
      <TestMethod codeBase="C:/Users/gaoc/Downloads/NSubstitute-master/Source/NSubstitute.Tests/bin/Debug/NSubstitute.Tests.DLL" adapterTypeName="Microsoft.VisualStudio.TestTools.TestTypes.Unit.UnitTestAdapter, Microsoft.VisualStudio.QualityTools.Tips.UnitTest.Adapter, Version=10.0.0.0, Culture=neutral, PublicKeyToken=b03f5f7f11d50a3a" className="NSubstitute.Tests.ArgumentMatchers, NSubstitute.Tests, Version=1.0.0.0, Culture=neutral, PublicKeyToken=null" name="Test_ArgumentMatchers_IgnoringArguments" />
    </UnitTest>
    <UnitTest name="Test_ArgumentMatchers_MatchSubTypes" storage="c:\users\gaoc\downloads\nsubstitute-master\source\nsubstitute.tests\bin\debug\nsubstitute.tests.dll" id="d7cd026a-e451-5261-6277-40ea453953be">
      <Execution id="f0872994-5e88-4f72-9911-6977849e4c27" />
      <TestMethod codeBase="C:/Users/gaoc/Downloads/NSubstitute-master/Source/NSubstitute.Tests/bin/Debug/NSubstitute.Tests.DLL" adapterTypeName="Microsoft.VisualStudio.TestTools.TestTypes.Unit.UnitTestAdapter, Microsoft.VisualStudio.QualityTools.Tips.UnitTest.Adapter, Version=10.0.0.0, Culture=neutral, PublicKeyToken=b03f5f7f11d50a3a" className="NSubstitute.Tests.ArgumentMatchers, NSubstitute.Tests, Version=1.0.0.0, Culture=neutral, PublicKeyToken=null" name="Test_ArgumentMatchers_MatchSubTypes" />
    </UnitTest>
    <UnitTest name="Test_RaisingEvents_RaiseEventButNoMindSenderAndArgs" storage="c:\users\gaoc\downloads\nsubstitute-master\source\nsubstitute.tests\bin\debug\nsubstitute.tests.dll" id="7b074632-ae1d-11c7-941f-31ca687778f3">
      <Execution id="1f81dc19-da24-4b8c-9f36-9540b31379a9" />
      <TestMethod codeBase="C:/Users/gaoc/Downloads/NSubstitute-master/Source/NSubstitute.Tests/bin/Debug/NSubstitute.Tests.DLL" adapterTypeName="Microsoft.VisualStudio.TestTools.TestTypes.Unit.UnitTestAdapter, Microsoft.VisualStudio.QualityTools.Tips.UnitTest.Adapter, Version=10.0.0.0, Culture=neutral, PublicKeyToken=b03f5f7f11d50a3a" className="NSubstitute.Tests.RaisingEvents, NSubstitute.Tests, Version=1.0.0.0, Culture=neutral, PublicKeyToken=null" name="Test_RaisingEvents_RaiseEventButNoMindSenderAndArgs" />
    </UnitTest>
    <UnitTest name="Test_CreatingSubstitute_MultipleInterfaces" storage="c:\users\gaoc\downloads\nsubstitute-master\source\nsubstitute.tests\bin\debug\nsubstitute.tests.dll" id="7df6b3e0-82e5-b0df-8ead-9b3056c564fd">
      <Execution id="c22148fd-b3cf-46a1-a817-e20fc4b41c61" />
      <TestMethod codeBase="C:/Users/gaoc/Downloads/NSubstitute-master/Source/NSubstitute.Tests/bin/Debug/NSubstitute.Tests.DLL" adapterTypeName="Microsoft.VisualStudio.TestTools.TestTypes.Unit.UnitTestAdapter, Microsoft.VisualStudio.QualityTools.Tips.UnitTest.Adapter, Version=10.0.0.0, Culture=neutral, PublicKeyToken=b03f5f7f11d50a3a" className="NSubstitute.Tests.CreatingSubstitute, NSubstitute.Tests, Version=1.0.0.0, Culture=neutral, PublicKeyToken=null" name="Test_CreatingSubstitute_MultipleInterfaces" />
    </UnitTest>
    <UnitTest name="Test_AutoRecursiveMocks_CallRecursivelySubbed" storage="c:\users\gaoc\downloads\nsubstitute-master\source\nsubstitute.tests\bin\debug\nsubstitute.tests.dll" id="d0932b71-180b-d30b-a469-58bd2a72b7ac">
      <Execution id="b06f8c1a-15c6-461c-9033-e7b8730a9bf5" />
      <TestMethod codeBase="C:/Users/gaoc/Downloads/NSubstitute-master/Source/NSubstitute.Tests/bin/Debug/NSubstitute.Tests.DLL" adapterTypeName="Microsoft.VisualStudio.TestTools.TestTypes.Unit.UnitTestAdapter, Microsoft.VisualStudio.QualityTools.Tips.UnitTest.Adapter, Version=10.0.0.0, Culture=neutral, PublicKeyToken=b03f5f7f11d50a3a" className="NSubstitute.Tests.AutoRecursiveMocks, NSubstitute.Tests, Version=1.0.0.0, Culture=neutral, PublicKeyToken=null" name="Test_AutoRecursiveMocks_CallRecursivelySubbed" />
    </UnitTest>
    <UnitTest name="Test_AutoRecursiveMocks_SubstituteChains" storage="c:\users\gaoc\downloads\nsubstitute-master\source\nsubstitute.tests\bin\debug\nsubstitute.tests.dll" id="80d0ab2b-6882-1388-d3ce-cd7ff4dff79d">
      <Execution id="add60457-c7b4-40b8-a439-c60a6279aa74" />
      <TestMethod codeBase="C:/Users/gaoc/Downloads/NSubstitute-master/Source/NSubstitute.Tests/bin/Debug/NSubstitute.Tests.DLL" adapterTypeName="Microsoft.VisualStudio.TestTools.TestTypes.Unit.UnitTestAdapter, Microsoft.VisualStudio.QualityTools.Tips.UnitTest.Adapter, Version=10.0.0.0, Culture=neutral, PublicKeyToken=b03f5f7f11d50a3a" className="NSubstitute.Tests.AutoRecursiveMocks, NSubstitute.Tests, Version=1.0.0.0, Culture=neutral, PublicKeyToken=null" name="Test_AutoRecursiveMocks_SubstituteChains" />
    </UnitTest>
    <UnitTest name="Test_CheckReceivedCalls_CallDidNotReceived" storage="c:\users\gaoc\downloads\nsubstitute-master\source\nsubstitute.tests\bin\debug\nsubstitute.tests.dll" id="a441c7a5-fe7d-d9fc-0b87-c29a87bf823f">
      <Execution id="862d3e51-ab39-4472-a80b-85643c7a5b60" />
      <TestMethod codeBase="C:/Users/gaoc/Downloads/NSubstitute-master/Source/NSubstitute.Tests/bin/Debug/NSubstitute.Tests.DLL" adapterTypeName="Microsoft.VisualStudio.TestTools.TestTypes.Unit.UnitTestAdapter, Microsoft.VisualStudio.QualityTools.Tips.UnitTest.Adapter, Version=10.0.0.0, Culture=neutral, PublicKeyToken=b03f5f7f11d50a3a" className="NSubstitute.Tests.CheckReceivedCalls, NSubstitute.Tests, Version=1.0.0.0, Culture=neutral, PublicKeyToken=null" name="Test_CheckReceivedCalls_CallDidNotReceived" />
    </UnitTest>
    <UnitTest name="Test_RaisingEvents_RaisingDelegateEvents" storage="c:\users\gaoc\downloads\nsubstitute-master\source\nsubstitute.tests\bin\debug\nsubstitute.tests.dll" id="ffd7d8e8-2bda-fcf0-b501-8b1bef8b0fb6">
      <Execution id="d9ac28a9-cfc5-43ac-9b56-2145004221b9" />
      <TestMethod codeBase="C:/Users/gaoc/Downloads/NSubstitute-master/Source/NSubstitute.Tests/bin/Debug/NSubstitute.Tests.DLL" adapterTypeName="Microsoft.VisualStudio.TestTools.TestTypes.Unit.UnitTestAdapter, Microsoft.VisualStudio.QualityTools.Tips.UnitTest.Adapter, Version=10.0.0.0, Culture=neutral, PublicKeyToken=b03f5f7f11d50a3a" className="NSubstitute.Tests.RaisingEvents, NSubstitute.Tests, Version=1.0.0.0, Culture=neutral, PublicKeyToken=null" name="Test_RaisingEvents_RaisingDelegateEvents" />
    </UnitTest>
    <UnitTest name="Test_GetStarted_PassFuncToReturns" storage="c:\users\gaoc\downloads\nsubstitute-master\source\nsubstitute.tests\bin\debug\nsubstitute.tests.dll" id="f1c0bb28-75c5-499c-8978-67845477e6f4">
      <Execution id="a914b79c-e568-490d-8a40-a11ad5792d41" />
      <TestMethod codeBase="C:/Users/gaoc/Downloads/NSubstitute-master/Source/NSubstitute.Tests/bin/Debug/NSubstitute.Tests.DLL" adapterTypeName="Microsoft.VisualStudio.TestTools.TestTypes.Unit.UnitTestAdapter, Microsoft.VisualStudio.QualityTools.Tips.UnitTest.Adapter, Version=10.0.0.0, Culture=neutral, PublicKeyToken=b03f5f7f11d50a3a" className="NSubstitute.Tests.GetStarted, NSubstitute.Tests, Version=1.0.0.0, Culture=neutral, PublicKeyToken=null" name="Test_GetStarted_PassFuncToReturns" />
    </UnitTest>
    <UnitTest name="Test_CheckReceivedCalls_IgnoringArguments" storage="c:\users\gaoc\downloads\nsubstitute-master\source\nsubstitute.tests\bin\debug\nsubstitute.tests.dll" id="ebc6d242-f7ca-ca95-495d-0e96d2f5ad7f">
      <Execution id="015a2af2-e36d-4d87-9db6-2ae5b26f3986" />
      <TestMethod codeBase="C:/Users/gaoc/Downloads/NSubstitute-master/Source/NSubstitute.Tests/bin/Debug/NSubstitute.Tests.DLL" adapterTypeName="Microsoft.VisualStudio.TestTools.TestTypes.Unit.UnitTestAdapter, Microsoft.VisualStudio.QualityTools.Tips.UnitTest.Adapter, Version=10.0.0.0, Culture=neutral, PublicKeyToken=b03f5f7f11d50a3a" className="NSubstitute.Tests.CheckReceivedCalls, NSubstitute.Tests, Version=1.0.0.0, Culture=neutral, PublicKeyToken=null" name="Test_CheckReceivedCalls_IgnoringArguments" />
    </UnitTest>
    <UnitTest name="Test_ReplaceReturnValues_ReplaceSeveralTimes" storage="c:\users\gaoc\downloads\nsubstitute-master\source\nsubstitute.tests\bin\debug\nsubstitute.tests.dll" id="5c9229a0-00a6-3142-1938-4968e7b11b94">
      <Execution id="b739347e-7bfc-473c-8de4-66bafc3abfc6" />
      <TestMethod codeBase="C:/Users/gaoc/Downloads/NSubstitute-master/Source/NSubstitute.Tests/bin/Debug/NSubstitute.Tests.DLL" adapterTypeName="Microsoft.VisualStudio.TestTools.TestTypes.Unit.UnitTestAdapter, Microsoft.VisualStudio.QualityTools.Tips.UnitTest.Adapter, Version=10.0.0.0, Culture=neutral, PublicKeyToken=b03f5f7f11d50a3a" className="NSubstitute.Tests.ReplaceReturnValues, NSubstitute.Tests, Version=1.0.0.0, Culture=neutral, PublicKeyToken=null" name="Test_ReplaceReturnValues_ReplaceSeveralTimes" />
    </UnitTest>
  </TestDefinitions>
  <TestLists>
    <TestList name="Results Not in a List" id="8c84fa94-04c1-424b-9868-57a2d4851a1d" />
    <TestList name="All Loaded Results" id="19431567-8539-422a-85d7-44ee4e166bda" />
  </TestLists>
  <TestEntries>
    <TestEntry testId="07e2010a-c56e-c267-2950-b054be0e0528" executionId="3e151a25-9777-4578-8df5-2d8cde97e115" testListId="8c84fa94-04c1-424b-9868-57a2d4851a1d" />
    <TestEntry testId="0a92879f-853c-02db-3345-d9c7ff0e1b6a" executionId="a90dd5a5-012d-4a3d-a340-5ee7d0bd6ced" testListId="8c84fa94-04c1-424b-9868-57a2d4851a1d" />
    <TestEntry testId="10496742-5a9a-713d-f7e4-0fa0febd06b1" executionId="35e4c391-e666-4f04-a13b-59a7122d9647" testListId="8c84fa94-04c1-424b-9868-57a2d4851a1d" />
    <TestEntry testId="11a4b43b-2848-fc71-71a8-579477fec509" executionId="91bd1c70-cd6e-4fd6-a782-f1f7aba054dd" testListId="8c84fa94-04c1-424b-9868-57a2d4851a1d" />
    <TestEntry testId="17e11084-092f-f429-8cdc-d8017ca7adb8" executionId="2e765e5e-1916-4410-9098-ba2330e0ad87" testListId="8c84fa94-04c1-424b-9868-57a2d4851a1d" />
    <TestEntry testId="2b870a10-2014-bb17-8471-02981748685b" executionId="d930f0bf-e752-4426-9819-59692f29eeab" testListId="8c84fa94-04c1-424b-9868-57a2d4851a1d" />
    <TestEntry testId="3096e054-3259-8708-8ddf-49f034d76760" executionId="44aae980-7ca2-49fc-ac9a-0357cc27fef4" testListId="8c84fa94-04c1-424b-9868-57a2d4851a1d" />
    <TestEntry testId="35b4b551-44ca-6808-3bea-6c4bed612170" executionId="2ea46659-97b6-440f-aaeb-b51abadb8e70" testListId="8c84fa94-04c1-424b-9868-57a2d4851a1d" />
    <TestEntry testId="41941982-5e26-5c23-d31b-5eb2e968a684" executionId="2346dc08-56bb-435b-85b8-72e0cac46fb3" testListId="8c84fa94-04c1-424b-9868-57a2d4851a1d" />
    <TestEntry testId="4e2b7c3b-db3a-d889-b68d-32b143720a10" executionId="2d9a0bc3-ec64-407b-8e1d-7394409b1fa0" testListId="8c84fa94-04c1-424b-9868-57a2d4851a1d" />
    <TestEntry testId="4fddd043-620a-7155-62c0-904cbf548700" executionId="666bf9e3-52c7-4770-b836-1d440cc4365c" testListId="8c84fa94-04c1-424b-9868-57a2d4851a1d" />
    <TestEntry testId="5a1cfb8d-6d1c-0044-66eb-2f9f31a159f0" executionId="ed9ec738-bd0f-414f-9be9-7f9326231b5c" testListId="8c84fa94-04c1-424b-9868-57a2d4851a1d" />
    <TestEntry testId="5aafc54a-b79f-942c-8da6-576a95145a8b" executionId="17e1bb4d-7654-49f3-b4e7-f54a041ddf9a" testListId="8c84fa94-04c1-424b-9868-57a2d4851a1d" />
    <TestEntry testId="5c9229a0-00a6-3142-1938-4968e7b11b94" executionId="b739347e-7bfc-473c-8de4-66bafc3abfc6" testListId="8c84fa94-04c1-424b-9868-57a2d4851a1d" />
    <TestEntry testId="61c5d9ef-a0e1-b5eb-9ccd-95af148c688e" executionId="f06a2818-f348-4223-8fe1-ad6e952a9e73" testListId="8c84fa94-04c1-424b-9868-57a2d4851a1d" />
    <TestEntry testId="63099033-136a-b755-8ed7-175b59f4791a" executionId="d52f34a8-dd61-4f61-88e9-f8fcf1c3a975" testListId="8c84fa94-04c1-424b-9868-57a2d4851a1d" />
    <TestEntry testId="633d2457-28fe-ba40-8b7c-d6c61c894d4c" executionId="5ee365dd-23d2-451a-9195-7618fea422d6" testListId="8c84fa94-04c1-424b-9868-57a2d4851a1d" />
    <TestEntry testId="68bbdd05-977b-3117-bad0-4a793312f50f" executionId="5fc92da6-c2af-4ad9-93f8-517b1ac0a143" testListId="8c84fa94-04c1-424b-9868-57a2d4851a1d" />
    <TestEntry testId="6a350895-402a-fa9f-13d7-7beb4210647d" executionId="9d261d5a-ea88-4c44-8d4f-85cee3dcc74f" testListId="8c84fa94-04c1-424b-9868-57a2d4851a1d" />
    <TestEntry testId="79a0813f-4f72-323e-5a85-7dec12968438" executionId="e061d159-ea10-4ca9-a9be-c3db25c0ebb6" testListId="8c84fa94-04c1-424b-9868-57a2d4851a1d" />
    <TestEntry testId="7b074632-ae1d-11c7-941f-31ca687778f3" executionId="1f81dc19-da24-4b8c-9f36-9540b31379a9" testListId="8c84fa94-04c1-424b-9868-57a2d4851a1d" />
    <TestEntry testId="7df6b3e0-82e5-b0df-8ead-9b3056c564fd" executionId="c22148fd-b3cf-46a1-a817-e20fc4b41c61" testListId="8c84fa94-04c1-424b-9868-57a2d4851a1d" />
    <TestEntry testId="80d0ab2b-6882-1388-d3ce-cd7ff4dff79d" executionId="add60457-c7b4-40b8-a439-c60a6279aa74" testListId="8c84fa94-04c1-424b-9868-57a2d4851a1d" />
    <TestEntry testId="84fd2701-ebec-1c0f-2177-061cc2cf872c" executionId="2fc06bc0-735d-428f-9a5e-57989344db39" testListId="8c84fa94-04c1-424b-9868-57a2d4851a1d" />
    <TestEntry testId="87ce7ef0-a524-0bd1-3013-4b852dc5e454" executionId="d4369e27-a1e7-4fa1-9188-a2599e170fa0" testListId="8c84fa94-04c1-424b-9868-57a2d4851a1d" />
    <TestEntry testId="8ab4d140-c113-0db8-5b74-3ada58d4721a" executionId="5c5aa287-af43-4c43-9d29-a0ac99b75dbe" testListId="8c84fa94-04c1-424b-9868-57a2d4851a1d" />
    <TestEntry testId="8c6c6b20-0d82-7b15-aa42-cb9f709a7d1f" executionId="7b512fe0-08eb-47b8-8712-ddb7acaea925" testListId="8c84fa94-04c1-424b-9868-57a2d4851a1d" />
    <TestEntry testId="8e591eb5-d291-8b0a-d7cb-27c1fb7e8949" executionId="8e7d220e-7345-4013-b2f1-c633769b827d" testListId="8c84fa94-04c1-424b-9868-57a2d4851a1d" />
    <TestEntry testId="8e7f21c7-738b-c376-16c5-d72a43ad628b" executionId="28273e77-bcc9-452b-a7ff-609dde2738a5" testListId="8c84fa94-04c1-424b-9868-57a2d4851a1d" />
    <TestEntry testId="8f225bef-6aa2-d904-ffb4-0f5e8186f5de" executionId="44f78b8a-9403-4b6f-8dc7-8e50e5c8bec3" testListId="8c84fa94-04c1-424b-9868-57a2d4851a1d" />
    <TestEntry testId="93488520-17c5-e5b2-565e-dc11a00ea8b6" executionId="ec21b10a-8fae-4e09-8f85-56a940cbc43c" testListId="8c84fa94-04c1-424b-9868-57a2d4851a1d" />
    <TestEntry testId="95cad0a1-0f71-826e-f35f-6a5499b3be0e" executionId="721df923-5842-4eea-9f5f-5024045c29ad" testListId="8c84fa94-04c1-424b-9868-57a2d4851a1d" />
    <TestEntry testId="99c6b28d-9043-2518-53df-056460c089aa" executionId="03bfb300-cd72-4af0-a0a1-5d85e3f19b80" testListId="8c84fa94-04c1-424b-9868-57a2d4851a1d" />
    <TestEntry testId="9c8501e8-94a4-531f-c784-5da31227095d" executionId="0f9a7c6e-3548-4d2d-81df-7bbc4820934f" testListId="8c84fa94-04c1-424b-9868-57a2d4851a1d" />
    <TestEntry testId="9d2c8dfb-71f7-d2b9-e8c2-b8745d63ac3d" executionId="e6d252f8-70ab-47c8-93c0-40c67df6a657" testListId="8c84fa94-04c1-424b-9868-57a2d4851a1d" />
    <TestEntry testId="9dfc26d3-d54c-81a0-c8f7-fa9fae0aa3da" executionId="72b0fc78-51c9-4aee-a3df-3478a7a1301a" testListId="8c84fa94-04c1-424b-9868-57a2d4851a1d" />
    <TestEntry testId="a1e6122a-c8e2-6056-4314-845fe8ae05c5" executionId="93f03dd1-3979-4a74-ae5c-938ff167ae10" testListId="8c84fa94-04c1-424b-9868-57a2d4851a1d" />
    <TestEntry testId="a441c7a5-fe7d-d9fc-0b87-c29a87bf823f" executionId="862d3e51-ab39-4472-a80b-85643c7a5b60" testListId="8c84fa94-04c1-424b-9868-57a2d4851a1d" />
    <TestEntry testId="a95e8237-4375-b96d-ff95-2a05931873d1" executionId="45b20b21-f8c4-4172-bf30-58cf08bb6cff" testListId="8c84fa94-04c1-424b-9868-57a2d4851a1d" />
    <TestEntry testId="ab964102-d90a-e17a-24e6-d53324d85858" executionId="ffafd6aa-b6a7-4915-8323-1ccd844fb17d" testListId="8c84fa94-04c1-424b-9868-57a2d4851a1d" />
    <TestEntry testId="ac0c6bc1-aa56-c648-f900-a5d2966051b8" executionId="abd168ad-3616-46cc-9d90-8df165911e03" testListId="8c84fa94-04c1-424b-9868-57a2d4851a1d" />
    <TestEntry testId="ac2ce793-5d04-f54f-a453-20de6f14af9c" executionId="f1961fa2-6e69-41b9-996a-0216456caf1d" testListId="8c84fa94-04c1-424b-9868-57a2d4851a1d" />
    <TestEntry testId="ba0128b2-86bc-7255-0c1b-72e968e8113d" executionId="ab2ea601-0c68-47ff-8559-59cde2ce33be" testListId="8c84fa94-04c1-424b-9868-57a2d4851a1d" />
    <TestEntry testId="bbc6f144-5d6b-b0ae-1df1-243bea6ff857" executionId="e26202a5-6420-4900-a306-e42a23db3b1e" testListId="8c84fa94-04c1-424b-9868-57a2d4851a1d" />
    <TestEntry testId="c1994eb5-f367-cbc3-2461-d0f3eaf92765" executionId="f898ed87-4a06-45a6-ba9c-1eeb40417001" testListId="8c84fa94-04c1-424b-9868-57a2d4851a1d" />
    <TestEntry testId="c3398b3c-79e7-d22b-e1e0-fa4777814864" executionId="b188ad28-a2e6-4e54-8186-84780793bf2b" testListId="8c84fa94-04c1-424b-9868-57a2d4851a1d" />
    <TestEntry testId="c4a4826f-58bd-c035-ec52-784bfe7e2bde" executionId="1d5a4bc4-809d-4a08-aa55-f4e1ef80440e" testListId="8c84fa94-04c1-424b-9868-57a2d4851a1d" />
    <TestEntry testId="cefbb95e-99da-f3d4-ac52-557f57ee53ac" executionId="a8ae9279-eafa-487a-bc33-b738a6e41aae" testListId="8c84fa94-04c1-424b-9868-57a2d4851a1d" />
    <TestEntry testId="d0932b71-180b-d30b-a469-58bd2a72b7ac" executionId="b06f8c1a-15c6-461c-9033-e7b8730a9bf5" testListId="8c84fa94-04c1-424b-9868-57a2d4851a1d" />
    <TestEntry testId="d446c491-10e0-e166-52c0-b8bc2ca38201" executionId="28fa806a-aaa5-4104-bb81-b6d9cabd772e" testListId="8c84fa94-04c1-424b-9868-57a2d4851a1d" />
    <TestEntry testId="d7cd026a-e451-5261-6277-40ea453953be" executionId="f0872994-5e88-4f72-9911-6977849e4c27" testListId="8c84fa94-04c1-424b-9868-57a2d4851a1d" />
    <TestEntry testId="e1ae571f-a60a-1d87-7027-29328e4afbcb" executionId="c3418742-40dc-4dc3-8874-1dfaa23e3110" testListId="8c84fa94-04c1-424b-9868-57a2d4851a1d" />
    <TestEntry testId="e3be2852-e2be-d3cf-11a8-8b4aa463f7cc" executionId="d22d6ab5-a4ec-4463-b591-f98c19d12e1a" testListId="8c84fa94-04c1-424b-9868-57a2d4851a1d" />
    <TestEntry testId="ea2938e8-6df8-38dc-d8db-acc3972a68a3" executionId="d3404a6b-bfd2-4770-a523-afa5e8e67872" testListId="8c84fa94-04c1-424b-9868-57a2d4851a1d" />
    <TestEntry testId="ebc6d242-f7ca-ca95-495d-0e96d2f5ad7f" executionId="015a2af2-e36d-4d87-9db6-2ae5b26f3986" testListId="8c84fa94-04c1-424b-9868-57a2d4851a1d" />
    <TestEntry testId="ece0a6f3-63de-fab5-3354-7d9f3344d1fc" executionId="4f84af1b-db79-4d54-814a-2da7843d94ac" testListId="8c84fa94-04c1-424b-9868-57a2d4851a1d" />
    <TestEntry testId="edfa74ad-4483-90cb-71c1-07cb8ad00650" executionId="67b1d991-554d-4f53-8856-e23b6c2a7ec8" testListId="8c84fa94-04c1-424b-9868-57a2d4851a1d" />
    <TestEntry testId="ef13a171-f444-9e15-c348-95561e067586" executionId="e2466ac8-8b82-431e-b6bc-20eb06c2c2a8" testListId="8c84fa94-04c1-424b-9868-57a2d4851a1d" />
    <TestEntry testId="f1c0bb28-75c5-499c-8978-67845477e6f4" executionId="a914b79c-e568-490d-8a40-a11ad5792d41" testListId="8c84fa94-04c1-424b-9868-57a2d4851a1d" />
    <TestEntry testId="f3f35488-58cf-e872-ce89-57c11f2c1e05" executionId="712bfefe-0748-450e-bd43-434f6afeee3e" testListId="8c84fa94-04c1-424b-9868-57a2d4851a1d" />
    <TestEntry testId="ff33da5e-29d8-5a7c-ebfa-2966f98e7eaf" executionId="dcc60169-a3d1-4b09-aa04-d2ebd25a3755" testListId="8c84fa94-04c1-424b-9868-57a2d4851a1d" />
    <TestEntry testId="ffd7d8e8-2bda-fcf0-b501-8b1bef8b0fb6" executionId="d9ac28a9-cfc5-43ac-9b56-2145004221b9" testListId="8c84fa94-04c1-424b-9868-57a2d4851a1d" />
  </TestEntries>
  <Results>
    <UnitTestResult executionId="3e151a25-9777-4578-8df5-2d8cde97e115" testId="07e2010a-c56e-c267-2950-b054be0e0528" testName="Test_GetStarted_ReturnSpecifiedValue" computerName="EPEKW-Q1100020" duration="00:00:00.1695030" startTime="2013-05-22T13:52:27.6438674+08:00" endTime="2013-05-22T13:52:27.9898674+08:00" testType="13cdc9d9-ddb5-4fa4-a97d-d965ccfc6d4b" outcome="Passed" testListId="8c84fa94-04c1-424b-9868-57a2d4851a1d" relativeResultsDirectory="3e151a25-9777-4578-8df5-2d8cde97e115">
    </UnitTestResult>
    <UnitTestResult executionId="a90dd5a5-012d-4a3d-a340-5ee7d0bd6ced" testId="0a92879f-853c-02db-3345-d9c7ff0e1b6a" testName="Test_SetOutRefArgs_SetOutArg" computerName="EPEKW-Q1100020" duration="00:00:00.0093036" startTime="2013-05-22T13:52:27.9978674+08:00" endTime="2013-05-22T13:52:28.0098674+08:00" testType="13cdc9d9-ddb5-4fa4-a97d-d965ccfc6d4b" outcome="Passed" testListId="8c84fa94-04c1-424b-9868-57a2d4851a1d" relativeResultsDirectory="a90dd5a5-012d-4a3d-a340-5ee7d0bd6ced">
    </UnitTestResult>
    <UnitTestResult executionId="35e4c391-e666-4f04-a13b-59a7122d9647" testId="10496742-5a9a-713d-f7e4-0fa0febd06b1" testName="Test_CreatingSubstitute_SpecifiedOneClassType" computerName="EPEKW-Q1100020" duration="00:00:00.0115613" startTime="2013-05-22T13:52:28.0118674+08:00" endTime="2013-05-22T13:52:28.0258674+08:00" testType="13cdc9d9-ddb5-4fa4-a97d-d965ccfc6d4b" outcome="Passed" testListId="8c84fa94-04c1-424b-9868-57a2d4851a1d" relativeResultsDirectory="35e4c391-e666-4f04-a13b-59a7122d9647">
    </UnitTestResult>
    <UnitTestResult executionId="91bd1c70-cd6e-4fd6-a782-f1f7aba054dd" testId="11a4b43b-2848-fc71-71a8-579477fec509" testName="Test_CheckingCallOrder_SubscribeToEventBeforeOpeningConnection" computerName="EPEKW-Q1100020" duration="00:00:00.0077908" startTime="2013-05-22T13:52:28.0278674+08:00" endTime="2013-05-22T13:52:28.0388674+08:00" testType="13cdc9d9-ddb5-4fa4-a97d-d965ccfc6d4b" outcome="Passed" testListId="8c84fa94-04c1-424b-9868-57a2d4851a1d" relativeResultsDirectory="91bd1c70-cd6e-4fd6-a782-f1f7aba054dd">
    </UnitTestResult>
    <UnitTestResult executionId="2e765e5e-1916-4410-9098-ba2330e0ad87" testId="17e11084-092f-f429-8cdc-d8017ca7adb8" testName="Test_GetStarted_DidNotReceivedSpecificCall" computerName="EPEKW-Q1100020" duration="00:00:00.0561336" startTime="2013-05-22T13:52:28.0408674+08:00" endTime="2013-05-22T13:52:28.0988674+08:00" testType="13cdc9d9-ddb5-4fa4-a97d-d965ccfc6d4b" outcome="Passed" testListId="8c84fa94-04c1-424b-9868-57a2d4851a1d" relativeResultsDirectory="2e765e5e-1916-4410-9098-ba2330e0ad87">
    </UnitTestResult>
    <UnitTestResult executionId="d930f0bf-e752-4426-9819-59692f29eeab" testId="2b870a10-2014-bb17-8471-02981748685b" testName="Test_ArgumentMatchers_ConditionallyMatching" computerName="EPEKW-Q1100020" duration="00:00:00.0614429" startTime="2013-05-22T13:52:28.1018674+08:00" endTime="2013-05-22T13:52:28.1648674+08:00" testType="13cdc9d9-ddb5-4fa4-a97d-d965ccfc6d4b" outcome="Passed" testListId="8c84fa94-04c1-424b-9868-57a2d4851a1d" relativeResultsDirectory="d930f0bf-e752-4426-9819-59692f29eeab">
    </UnitTestResult>
    <UnitTestResult executionId="44aae980-7ca2-49fc-ac9a-0357cc27fef4" testId="3096e054-3259-8708-8ddf-49f034d76760" testName="Test_ReturnFromFunction_UseAndDoesAfterReturns" computerName="EPEKW-Q1100020" duration="00:00:00.0066869" startTime="2013-05-22T13:52:28.1678674+08:00" endTime="2013-05-22T13:52:28.1768674+08:00" testType="13cdc9d9-ddb5-4fa4-a97d-d965ccfc6d4b" outcome="Passed" testListId="8c84fa94-04c1-424b-9868-57a2d4851a1d" relativeResultsDirectory="44aae980-7ca2-49fc-ac9a-0357cc27fef4">
    </UnitTestResult>
    <UnitTestResult executionId="2ea46659-97b6-440f-aaeb-b51abadb8e70" testId="35b4b551-44ca-6808-3bea-6c4bed612170" testName="Test_ActionsWithArgumentMatchers_PerformingActionsWithArgs" computerName="EPEKW-Q1100020" duration="00:00:00.0047200" startTime="2013-05-22T13:52:28.1788674+08:00" endTime="2013-05-22T13:52:28.1868674+08:00" testType="13cdc9d9-ddb5-4fa4-a97d-d965ccfc6d4b" outcome="Passed" testListId="8c84fa94-04c1-424b-9868-57a2d4851a1d" relativeResultsDirectory="2ea46659-97b6-440f-aaeb-b51abadb8e70">
    </UnitTestResult>
    <UnitTestResult executionId="2346dc08-56bb-435b-85b8-72e0cac46fb3" testId="41941982-5e26-5c23-d31b-5eb2e968a684" testName="Test_SettingReturnValue_ReturnsValueWithSpecifiedArguments" computerName="EPEKW-Q1100020" duration="00:00:00.0043772" startTime="2013-05-22T13:52:28.1888674+08:00" endTime="2013-05-22T13:52:28.1958674+08:00" testType="13cdc9d9-ddb5-4fa4-a97d-d965ccfc6d4b" outcome="Passed" testListId="8c84fa94-04c1-424b-9868-57a2d4851a1d" relativeResultsDirectory="2346dc08-56bb-435b-85b8-72e0cac46fb3">
    </UnitTestResult>
    <UnitTestResult executionId="2d9a0bc3-ec64-407b-8e1d-7394409b1fa0" testId="4e2b7c3b-db3a-d889-b68d-32b143720a10" testName="Test_CreatingSubstitute_ForDelegate" computerName="EPEKW-Q1100020" duration="00:00:00.0739662" startTime="2013-05-22T13:52:28.1978674+08:00" endTime="2013-05-22T13:52:28.2738674+08:00" testType="13cdc9d9-ddb5-4fa4-a97d-d965ccfc6d4b" outcome="Passed" testListId="8c84fa94-04c1-424b-9868-57a2d4851a1d" relativeResultsDirectory="2d9a0bc3-ec64-407b-8e1d-7394409b1fa0">
    </UnitTestResult>
    <UnitTestResult executionId="666bf9e3-52c7-4770-b836-1d440cc4365c" testId="4fddd043-620a-7155-62c0-904cbf548700" testName="Test_CheckReceivedCalls_CallReceived" computerName="EPEKW-Q1100020" duration="00:00:00.0043529" startTime="2013-05-22T13:52:28.2758674+08:00" endTime="2013-05-22T13:52:28.2828674+08:00" testType="13cdc9d9-ddb5-4fa4-a97d-d965ccfc6d4b" outcome="Passed" testListId="8c84fa94-04c1-424b-9868-57a2d4851a1d" relativeResultsDirectory="666bf9e3-52c7-4770-b836-1d440cc4365c">
    </UnitTestResult>
    <UnitTestResult executionId="ed9ec738-bd0f-414f-9be9-7f9326231b5c" testId="5a1cfb8d-6d1c-0044-66eb-2f9f31a159f0" testName="Test_ReturnForAnyArgs_ReturnForAnyArgs" computerName="EPEKW-Q1100020" duration="00:00:00.0045476" startTime="2013-05-22T13:52:28.2848674+08:00" endTime="2013-05-22T13:52:28.2918674+08:00" testType="13cdc9d9-ddb5-4fa4-a97d-d965ccfc6d4b" outcome="Passed" testListId="8c84fa94-04c1-424b-9868-57a2d4851a1d" relativeResultsDirectory="ed9ec738-bd0f-414f-9be9-7f9326231b5c">
    </UnitTestResult>
    <UnitTestResult executionId="17e1bb4d-7654-49f3-b4e7-f54a041ddf9a" testId="5aafc54a-b79f-942c-8da6-576a95145a8b" testName="Test_ActionsWithArgumentMatchers_ArgActionsCallSpec" computerName="EPEKW-Q1100020" duration="00:00:00.0011569" startTime="2013-05-22T13:52:28.2938674+08:00" endTime="2013-05-22T13:52:28.2968674+08:00" testType="13cdc9d9-ddb5-4fa4-a97d-d965ccfc6d4b" outcome="Passed" testListId="8c84fa94-04c1-424b-9868-57a2d4851a1d" relativeResultsDirectory="17e1bb4d-7654-49f3-b4e7-f54a041ddf9a">
    </UnitTestResult>
    <UnitTestResult executionId="b739347e-7bfc-473c-8de4-66bafc3abfc6" testId="5c9229a0-00a6-3142-1938-4968e7b11b94" testName="Test_ReplaceReturnValues_ReplaceSeveralTimes" computerName="EPEKW-Q1100020" duration="00:00:00.0055365" startTime="2013-05-22T13:52:28.2988674+08:00" endTime="2013-05-22T13:52:28.3068674+08:00" testType="13cdc9d9-ddb5-4fa4-a97d-d965ccfc6d4b" outcome="Passed" testListId="8c84fa94-04c1-424b-9868-57a2d4851a1d" relativeResultsDirectory="b739347e-7bfc-473c-8de4-66bafc3abfc6">
    </UnitTestResult>
    <UnitTestResult executionId="f06a2818-f348-4223-8fe1-ad6e952a9e73" testId="61c5d9ef-a0e1-b5eb-9ccd-95af148c688e" testName="Test_AutoRecursiveMocks_ManuallyCreateSubstitutes" computerName="EPEKW-Q1100020" duration="00:00:00.0060693" startTime="2013-05-22T13:52:28.3088674+08:00" endTime="2013-05-22T13:52:28.3178674+08:00" testType="13cdc9d9-ddb5-4fa4-a97d-d965ccfc6d4b" outcome="Passed" testListId="8c84fa94-04c1-424b-9868-57a2d4851a1d" relativeResultsDirectory="f06a2818-f348-4223-8fe1-ad6e952a9e73">
    </UnitTestResult>
    <UnitTestResult executionId="d52f34a8-dd61-4f61-88e9-f8fcf1c3a975" testId="63099033-136a-b755-8ed7-175b59f4791a" testName="Test_CheckReceivedCalls_MakeSureWatcherSubscribesToCommandExecuted" computerName="EPEKW-Q1100020" duration="00:00:00.0278818" startTime="2013-05-22T13:52:28.3198674+08:00" endTime="2013-05-22T13:52:28.3498674+08:00" testType="13cdc9d9-ddb5-4fa4-a97d-d965ccfc6d4b" outcome="Passed" testListId="8c84fa94-04c1-424b-9868-57a2d4851a1d" relativeResultsDirectory="d52f34a8-dd61-4f61-88e9-f8fcf1c3a975">
    </UnitTestResult>
    <UnitTestResult executionId="5ee365dd-23d2-451a-9195-7618fea422d6" testId="633d2457-28fe-ba40-8b7c-d6c61c894d4c" testName="Test_RaisingEvents_RaisingActionEvents" computerName="EPEKW-Q1100020" duration="00:00:00.0104643" startTime="2013-05-22T13:52:28.3518674+08:00" endTime="2013-05-22T13:52:28.3648674+08:00" testType="13cdc9d9-ddb5-4fa4-a97d-d965ccfc6d4b" outcome="Passed" testListId="8c84fa94-04c1-424b-9868-57a2d4851a1d" relativeResultsDirectory="5ee365dd-23d2-451a-9195-7618fea422d6">
    </UnitTestResult>
    <UnitTestResult executionId="5fc92da6-c2af-4ad9-93f8-517b1ac0a143" testId="68bbdd05-977b-3117-bad0-4a793312f50f" testName="Test_ActionsWithArgumentMatchers_PerformingActionsWithAnyArgs" computerName="EPEKW-Q1100020" duration="00:00:00.0007723" startTime="2013-05-22T13:52:28.3688674+08:00" endTime="2013-05-22T13:52:28.3728674+08:00" testType="13cdc9d9-ddb5-4fa4-a97d-d965ccfc6d4b" outcome="Passed" testListId="8c84fa94-04c1-424b-9868-57a2d4851a1d" relativeResultsDirectory="5fc92da6-c2af-4ad9-93f8-517b1ac0a143">
    </UnitTestResult>
    <UnitTestResult executionId="9d261d5a-ea88-4c44-8d4f-85cee3dcc74f" testId="6a350895-402a-fa9f-13d7-7beb4210647d" testName="Test_CheckReceivedCalls_CheckingCallsToPropeties" computerName="EPEKW-Q1100020" duration="00:00:00.0065199" startTime="2013-05-22T13:52:28.3758674+08:00" endTime="2013-05-22T13:52:28.3858674+08:00" testType="13cdc9d9-ddb5-4fa4-a97d-d965ccfc6d4b" outcome="Passed" testListId="8c84fa94-04c1-424b-9868-57a2d4851a1d" relativeResultsDirectory="9d261d5a-ea88-4c44-8d4f-85cee3dcc74f">
    </UnitTestResult>
    <UnitTestResult executionId="e061d159-ea10-4ca9-a9be-c3db25c0ebb6" testId="79a0813f-4f72-323e-5a85-7dec12968438" testName="Test_ArgumentMatchers_IgnoringArguments" computerName="EPEKW-Q1100020" duration="00:00:00.0007815" startTime="2013-05-22T13:52:28.3878674+08:00" endTime="2013-05-22T13:52:28.3928674+08:00" testType="13cdc9d9-ddb5-4fa4-a97d-d965ccfc6d4b" outcome="Passed" testListId="8c84fa94-04c1-424b-9868-57a2d4851a1d" relativeResultsDirectory="e061d159-ea10-4ca9-a9be-c3db25c0ebb6">
    </UnitTestResult>
    <UnitTestResult executionId="1f81dc19-da24-4b8c-9f36-9540b31379a9" testId="7b074632-ae1d-11c7-941f-31ca687778f3" testName="Test_RaisingEvents_RaiseEventButNoMindSenderAndArgs" computerName="EPEKW-Q1100020" duration="00:00:00.0014303" startTime="2013-05-22T13:52:28.3948674+08:00" endTime="2013-05-22T13:52:28.3988674+08:00" testType="13cdc9d9-ddb5-4fa4-a97d-d965ccfc6d4b" outcome="Passed" testListId="8c84fa94-04c1-424b-9868-57a2d4851a1d" relativeResultsDirectory="1f81dc19-da24-4b8c-9f36-9540b31379a9">
    </UnitTestResult>
    <UnitTestResult executionId="c22148fd-b3cf-46a1-a817-e20fc4b41c61" testId="7df6b3e0-82e5-b0df-8ead-9b3056c564fd" testName="Test_CreatingSubstitute_MultipleInterfaces" computerName="EPEKW-Q1100020" duration="00:00:00.0038786" startTime="2013-05-22T13:52:28.3998674+08:00" endTime="2013-05-22T13:52:28.4068674+08:00" testType="13cdc9d9-ddb5-4fa4-a97d-d965ccfc6d4b" outcome="Passed" testListId="8c84fa94-04c1-424b-9868-57a2d4851a1d" relativeResultsDirectory="c22148fd-b3cf-46a1-a817-e20fc4b41c61">
    </UnitTestResult>
    <UnitTestResult executionId="add60457-c7b4-40b8-a439-c60a6279aa74" testId="80d0ab2b-6882-1388-d3ce-cd7ff4dff79d" testName="Test_AutoRecursiveMocks_SubstituteChains" computerName="EPEKW-Q1100020" duration="00:00:00.0097443" startTime="2013-05-22T13:52:28.4088674+08:00" endTime="2013-05-22T13:52:28.4208674+08:00" testType="13cdc9d9-ddb5-4fa4-a97d-d965ccfc6d4b" outcome="Passed" testListId="8c84fa94-04c1-424b-9868-57a2d4851a1d" relativeResultsDirectory="add60457-c7b4-40b8-a439-c60a6279aa74">
    </UnitTestResult>
    <UnitTestResult executionId="2fc06bc0-735d-428f-9a5e-57989344db39" testId="84fd2701-ebec-1c0f-2177-061cc2cf872c" testName="Test_SettingReturnValue_ReturnsValueFromProperty" computerName="EPEKW-Q1100020" duration="00:00:00.0008246" startTime="2013-05-22T13:52:28.4228674+08:00" endTime="2013-05-22T13:52:28.4268674+08:00" testType="13cdc9d9-ddb5-4fa4-a97d-d965ccfc6d4b" outcome="Passed" testListId="8c84fa94-04c1-424b-9868-57a2d4851a1d" relativeResultsDirectory="2fc06bc0-735d-428f-9a5e-57989344db39">
    </UnitTestResult>
    <UnitTestResult executionId="d4369e27-a1e7-4fa1-9188-a2599e170fa0" testId="87ce7ef0-a524-0bd1-3013-4b852dc5e454" testName="Test_CheckReceivedCalls_CheckingEventSubscriptions" computerName="EPEKW-Q1100020" duration="00:00:00.0004547" startTime="2013-05-22T13:52:28.4278674+08:00" endTime="2013-05-22T13:52:28.4308674+08:00" testType="13cdc9d9-ddb5-4fa4-a97d-d965ccfc6d4b" outcome="Passed" testListId="8c84fa94-04c1-424b-9868-57a2d4851a1d" relativeResultsDirectory="d4369e27-a1e7-4fa1-9188-a2599e170fa0">
    </UnitTestResult>
    <UnitTestResult executionId="5c5aa287-af43-4c43-9d29-a0ac99b75dbe" testId="8ab4d140-c113-0db8-5b74-3ada58d4721a" testName="Test_GetStarted_MultipleValues" computerName="EPEKW-Q1100020" duration="00:00:00.0027018" startTime="2013-05-22T13:52:28.4328674+08:00" endTime="2013-05-22T13:52:28.4388674+08:00" testType="13cdc9d9-ddb5-4fa4-a97d-d965ccfc6d4b" outcome="Passed" testListId="8c84fa94-04c1-424b-9868-57a2d4851a1d" relativeResultsDirectory="5c5aa287-af43-4c43-9d29-a0ac99b75dbe">
    </UnitTestResult>
    <UnitTestResult executionId="7b512fe0-08eb-47b8-8712-ddb7acaea925" testId="8c6c6b20-0d82-7b15-aa42-cb9f709a7d1f" testName="Test_GetStarted_RaiseEvents" computerName="EPEKW-Q1100020" duration="00:00:00.0006251" startTime="2013-05-22T13:52:28.4408674+08:00" endTime="2013-05-22T13:52:28.4438674+08:00" testType="13cdc9d9-ddb5-4fa4-a97d-d965ccfc6d4b" outcome="Passed" testListId="8c84fa94-04c1-424b-9868-57a2d4851a1d" relativeResultsDirectory="7b512fe0-08eb-47b8-8712-ddb7acaea925">
    </UnitTestResult>
    <UnitTestResult executionId="8e7d220e-7345-4013-b2f1-c633769b827d" testId="8e591eb5-d291-8b0a-d7cb-27c1fb7e8949" testName="Test_ActionsWithArgumentMatchers_InvokingCallbacks" computerName="EPEKW-Q1100020" duration="00:00:00.0101341" startTime="2013-05-22T13:52:28.4458674+08:00" endTime="2013-05-22T13:52:28.4578674+08:00" testType="13cdc9d9-ddb5-4fa4-a97d-d965ccfc6d4b" outcome="Passed" testListId="8c84fa94-04c1-424b-9868-57a2d4851a1d" relativeResultsDirectory="8e7d220e-7345-4013-b2f1-c633769b827d">
    </UnitTestResult>
    <UnitTestResult executionId="28273e77-bcc9-452b-a7ff-609dde2738a5" testId="8e7f21c7-738b-c376-16c5-d72a43ad628b" testName="Test_RaisingEvents_ArgsDoNotHaveDefaultCtor" computerName="EPEKW-Q1100020" duration="00:00:00.0014399" startTime="2013-05-22T13:52:28.4598674+08:00" endTime="2013-05-22T13:52:28.4638674+08:00" testType="13cdc9d9-ddb5-4fa4-a97d-d965ccfc6d4b" outcome="Passed" testListId="8c84fa94-04c1-424b-9868-57a2d4851a1d" relativeResultsDirectory="28273e77-bcc9-452b-a7ff-609dde2738a5">
    </UnitTestResult>
    <UnitTestResult executionId="44f78b8a-9403-4b6f-8dc7-8e50e5c8bec3" testId="8f225bef-6aa2-d904-ffb4-0f5e8186f5de" testName="Test_ReturnFromFunction_GetCallbackWhenever" computerName="EPEKW-Q1100020" duration="00:00:00.0005687" startTime="2013-05-22T13:52:28.4658674+08:00" endTime="2013-05-22T13:52:28.4688674+08:00" testType="13cdc9d9-ddb5-4fa4-a97d-d965ccfc6d4b" outcome="Passed" testListId="8c84fa94-04c1-424b-9868-57a2d4851a1d" relativeResultsDirectory="44f78b8a-9403-4b6f-8dc7-8e50e5c8bec3">
    </UnitTestResult>
    <UnitTestResult executionId="ec21b10a-8fae-4e09-8f85-56a940cbc43c" testId="93488520-17c5-e5b2-565e-dc11a00ea8b6" testName="Test_GetStarted_MatchArguments" computerName="EPEKW-Q1100020" duration="00:00:00.0006169" startTime="2013-05-22T13:52:28.4708674+08:00" endTime="2013-05-22T13:52:28.4738674+08:00" testType="13cdc9d9-ddb5-4fa4-a97d-d965ccfc6d4b" outcome="Passed" testListId="8c84fa94-04c1-424b-9868-57a2d4851a1d" relativeResultsDirectory="ec21b10a-8fae-4e09-8f85-56a940cbc43c">
    </UnitTestResult>
    <UnitTestResult executionId="721df923-5842-4eea-9f5f-5024045c29ad" testId="95cad0a1-0f71-826e-f35f-6a5499b3be0e" testName="Test_GetStarted_GetSubstitute" computerName="EPEKW-Q1100020" duration="00:00:00.0001731" startTime="2013-05-22T13:52:28.4758674+08:00" endTime="2013-05-22T13:52:28.4778674+08:00" testType="13cdc9d9-ddb5-4fa4-a97d-d965ccfc6d4b" outcome="Passed" testListId="8c84fa94-04c1-424b-9868-57a2d4851a1d" relativeResultsDirectory="721df923-5842-4eea-9f5f-5024045c29ad">
    </UnitTestResult>
    <UnitTestResult executionId="03bfb300-cd72-4af0-a0a1-5d85e3f19b80" testId="99c6b28d-9043-2518-53df-056460c089aa" testName="Test_ReturnFromFunction_ReturnSum" computerName="EPEKW-Q1100020" duration="00:00:00.0007901" startTime="2013-05-22T13:52:28.4798674+08:00" endTime="2013-05-22T13:52:28.4828674+08:00" testType="13cdc9d9-ddb5-4fa4-a97d-d965ccfc6d4b" outcome="Passed" testListId="8c84fa94-04c1-424b-9868-57a2d4851a1d" relativeResultsDirectory="03bfb300-cd72-4af0-a0a1-5d85e3f19b80">
    </UnitTestResult>
    <UnitTestResult executionId="0f9a7c6e-3548-4d2d-81df-7bbc4820934f" testId="9c8501e8-94a4-531f-c784-5da31227095d" testName="Test_CheckReceivedCalls_CallReceivedNumberOfSpecifiedTimes" computerName="EPEKW-Q1100020" duration="00:00:00.0012876" startTime="2013-05-22T13:52:28.4848674+08:00" endTime="2013-05-22T13:52:28.4888674+08:00" testType="13cdc9d9-ddb5-4fa4-a97d-d965ccfc6d4b" outcome="Passed" testListId="8c84fa94-04c1-424b-9868-57a2d4851a1d" relativeResultsDirectory="0f9a7c6e-3548-4d2d-81df-7bbc4820934f">
    </UnitTestResult>
    <UnitTestResult executionId="e6d252f8-70ab-47c8-93c0-40c67df6a657" testId="9d2c8dfb-71f7-d2b9-e8c2-b8745d63ac3d" testName="Test_CreatingSubstitute_GetSubstitute" computerName="EPEKW-Q1100020" duration="00:00:00.0020151" startTime="2013-05-22T13:52:28.4908674+08:00" endTime="2013-05-22T13:52:28.4948674+08:00" testType="13cdc9d9-ddb5-4fa4-a97d-d965ccfc6d4b" outcome="Passed" testListId="8c84fa94-04c1-424b-9868-57a2d4851a1d" relativeResultsDirectory="e6d252f8-70ab-47c8-93c0-40c67df6a657">
    </UnitTestResult>
    <UnitTestResult executionId="72b0fc78-51c9-4aee-a3df-3478a7a1301a" testId="9dfc26d3-d54c-81a0-c8f7-fa9fae0aa3da" testName="Test_ThrowingExceptions_ForNonVoidAndVoid" computerName="EPEKW-Q1100020" duration="00:00:00.0072094" startTime="2013-05-22T13:52:28.4968674+08:00" endTime="2013-05-22T13:52:28.5068674+08:00" testType="13cdc9d9-ddb5-4fa4-a97d-d965ccfc6d4b" outcome="Passed" testListId="8c84fa94-04c1-424b-9868-57a2d4851a1d" relativeResultsDirectory="72b0fc78-51c9-4aee-a3df-3478a7a1301a">
    </UnitTestResult>
    <UnitTestResult executionId="93f03dd1-3979-4a74-ae5c-938ff167ae10" testId="a1e6122a-c8e2-6056-4314-845fe8ae05c5" testName="Test_MultipleReturnValues_UsingCallbacks" computerName="EPEKW-Q1100020" duration="00:00:00.0078828" startTime="2013-05-22T13:52:28.5088674+08:00" endTime="2013-05-22T13:52:28.5188674+08:00" testType="13cdc9d9-ddb5-4fa4-a97d-d965ccfc6d4b" outcome="Passed" testListId="8c84fa94-04c1-424b-9868-57a2d4851a1d" relativeResultsDirectory="93f03dd1-3979-4a74-ae5c-938ff167ae10">
    </UnitTestResult>
    <UnitTestResult executionId="862d3e51-ab39-4472-a80b-85643c7a5b60" testId="a441c7a5-fe7d-d9fc-0b87-c29a87bf823f" testName="Test_CheckReceivedCalls_CallDidNotReceived" computerName="EPEKW-Q1100020" duration="00:00:00.0003452" startTime="2013-05-22T13:52:28.5208674+08:00" endTime="2013-05-22T13:52:28.5238674+08:00" testType="13cdc9d9-ddb5-4fa4-a97d-d965ccfc6d4b" outcome="Passed" testListId="8c84fa94-04c1-424b-9868-57a2d4851a1d" relativeResultsDirectory="862d3e51-ab39-4472-a80b-85643c7a5b60">
    </UnitTestResult>
    <UnitTestResult executionId="45b20b21-f8c4-4172-bf30-58cf08bb6cff" testId="a95e8237-4375-b96d-ff95-2a05931873d1" testName="Test_ReturnFromFunction_CallInfo" computerName="EPEKW-Q1100020" duration="00:00:00.0051057" startTime="2013-05-22T13:52:28.5258674+08:00" endTime="2013-05-22T13:52:28.5338674+08:00" testType="13cdc9d9-ddb5-4fa4-a97d-d965ccfc6d4b" outcome="Passed" testListId="8c84fa94-04c1-424b-9868-57a2d4851a1d" relativeResultsDirectory="45b20b21-f8c4-4172-bf30-58cf08bb6cff">
    </UnitTestResult>
    <UnitTestResult executionId="ffafd6aa-b6a7-4915-8323-1ccd844fb17d" testId="ab964102-d90a-e17a-24e6-d53324d85858" testName="Test_GetStarted_ReceivedSpecificCall" computerName="EPEKW-Q1100020" duration="00:00:00.0003832" startTime="2013-05-22T13:52:28.5358674+08:00" endTime="2013-05-22T13:52:28.5378674+08:00" testType="13cdc9d9-ddb5-4fa4-a97d-d965ccfc6d4b" outcome="Passed" testListId="8c84fa94-04c1-424b-9868-57a2d4851a1d" relativeResultsDirectory="ffafd6aa-b6a7-4915-8323-1ccd844fb17d">
    </UnitTestResult>
    <UnitTestResult executionId="abd168ad-3616-46cc-9d90-8df165911e03" testId="ac0c6bc1-aa56-c648-f900-a5d2966051b8" testName="Test_CallbacksWhenDo_UseWhenDoOnNonVoid" computerName="EPEKW-Q1100020" duration="00:00:00.0052039" startTime="2013-05-22T13:52:28.5398674+08:00" endTime="2013-05-22T13:52:28.5478674+08:00" testType="13cdc9d9-ddb5-4fa4-a97d-d965ccfc6d4b" outcome="Passed" testListId="8c84fa94-04c1-424b-9868-57a2d4851a1d" relativeResultsDirectory="abd168ad-3616-46cc-9d90-8df165911e03">
    </UnitTestResult>
    <UnitTestResult executionId="f1961fa2-6e69-41b9-996a-0216456caf1d" testId="ac2ce793-5d04-f54f-a453-20de6f14af9c" testName="Test_CheckReceivedCalls_CallReceivedWithSpecificArguments" computerName="EPEKW-Q1100020" duration="00:00:00.0013266" startTime="2013-05-22T13:52:28.5498674+08:00" endTime="2013-05-22T13:52:28.5528674+08:00" testType="13cdc9d9-ddb5-4fa4-a97d-d965ccfc6d4b" outcome="Passed" testListId="8c84fa94-04c1-424b-9868-57a2d4851a1d" relativeResultsDirectory="f1961fa2-6e69-41b9-996a-0216456caf1d">
    </UnitTestResult>
    <UnitTestResult executionId="ab2ea601-0c68-47ff-8559-59cde2ce33be" testId="ba0128b2-86bc-7255-0c1b-72e968e8113d" testName="Test_SettingReturnValue_ReturnsDefaultValueWithDifferentArguments" computerName="EPEKW-Q1100020" duration="00:00:00.0003870" startTime="2013-05-22T13:52:28.5548674+08:00" endTime="2013-05-22T13:52:28.5578674+08:00" testType="13cdc9d9-ddb5-4fa4-a97d-d965ccfc6d4b" outcome="Passed" testListId="8c84fa94-04c1-424b-9868-57a2d4851a1d" relativeResultsDirectory="ab2ea601-0c68-47ff-8559-59cde2ce33be">
    </UnitTestResult>
    <UnitTestResult executionId="e26202a5-6420-4900-a306-e42a23db3b1e" testId="bbc6f144-5d6b-b0ae-1df1-243bea6ff857" testName="Test_AutoRecursiveMocks_AutoValues" computerName="EPEKW-Q1100020" duration="00:00:00.0005841" startTime="2013-05-22T13:52:28.5598674+08:00" endTime="2013-05-22T13:52:28.5628674+08:00" testType="13cdc9d9-ddb5-4fa4-a97d-d965ccfc6d4b" outcome="Passed" testListId="8c84fa94-04c1-424b-9868-57a2d4851a1d" relativeResultsDirectory="e26202a5-6420-4900-a306-e42a23db3b1e">
    </UnitTestResult>
    <UnitTestResult executionId="f898ed87-4a06-45a6-ba9c-1eeb40417001" testId="c1994eb5-f367-cbc3-2461-d0f3eaf92765" testName="Test_CheckReceivedCalls_CheckingCallsToIndexers" computerName="EPEKW-Q1100020" duration="00:00:00.0667331" startTime="2013-05-22T13:52:28.5648674+08:00" endTime="2013-05-22T13:52:28.6338674+08:00" testType="13cdc9d9-ddb5-4fa4-a97d-d965ccfc6d4b" outcome="Passed" testListId="8c84fa94-04c1-424b-9868-57a2d4851a1d" relativeResultsDirectory="f898ed87-4a06-45a6-ba9c-1eeb40417001">
    </UnitTestResult>
    <UnitTestResult executionId="b188ad28-a2e6-4e54-8186-84780793bf2b" testId="c3398b3c-79e7-d22b-e1e0-fa4777814864" testName="Test_ClearReceivedCalls_ForgetPreviousCalls" computerName="EPEKW-Q1100020" duration="00:00:00.0074510" startTime="2013-05-22T13:52:28.6458674+08:00" endTime="2013-05-22T13:52:28.6608674+08:00" testType="13cdc9d9-ddb5-4fa4-a97d-d965ccfc6d4b" outcome="Passed" testListId="8c84fa94-04c1-424b-9868-57a2d4851a1d" relativeResultsDirectory="b188ad28-a2e6-4e54-8186-84780793bf2b">
    </UnitTestResult>
    <UnitTestResult executionId="1d5a4bc4-809d-4a08-aa55-f4e1ef80440e" testId="c4a4826f-58bd-c035-ec52-784bfe7e2bde" testName="Test_ArgumentMatchers_MatchingSpecificArgument" computerName="EPEKW-Q1100020" duration="00:00:00.0005912" startTime="2013-05-22T13:52:28.6638674+08:00" endTime="2013-05-22T13:52:28.6698674+08:00" testType="13cdc9d9-ddb5-4fa4-a97d-d965ccfc6d4b" outcome="Passed" testListId="8c84fa94-04c1-424b-9868-57a2d4851a1d" relativeResultsDirectory="1d5a4bc4-809d-4a08-aa55-f4e1ef80440e">
    </UnitTestResult>
    <UnitTestResult executionId="a8ae9279-eafa-487a-bc33-b738a6e41aae" testId="cefbb95e-99da-f3d4-ac52-557f57ee53ac" testName="Test_CallbacksWhenDo_UseWhenDo" computerName="EPEKW-Q1100020" duration="00:00:00.0036576" startTime="2013-05-22T13:52:28.6728674+08:00" endTime="2013-05-22T13:52:28.6788674+08:00" testType="13cdc9d9-ddb5-4fa4-a97d-d965ccfc6d4b" outcome="Passed" testListId="8c84fa94-04c1-424b-9868-57a2d4851a1d" relativeResultsDirectory="a8ae9279-eafa-487a-bc33-b738a6e41aae">
    </UnitTestResult>
    <UnitTestResult executionId="b06f8c1a-15c6-461c-9033-e7b8730a9bf5" testId="d0932b71-180b-d30b-a469-58bd2a72b7ac" testName="Test_AutoRecursiveMocks_CallRecursivelySubbed" computerName="EPEKW-Q1100020" duration="00:00:00.0004968" startTime="2013-05-22T13:52:28.6808674+08:00" endTime="2013-05-22T13:52:28.6838674+08:00" testType="13cdc9d9-ddb5-4fa4-a97d-d965ccfc6d4b" outcome="Passed" testListId="8c84fa94-04c1-424b-9868-57a2d4851a1d" relativeResultsDirectory="b06f8c1a-15c6-461c-9033-e7b8730a9bf5">
    </UnitTestResult>
    <UnitTestResult executionId="28fa806a-aaa5-4104-bb81-b6d9cabd772e" testId="d446c491-10e0-e166-52c0-b8bc2ca38201" testName="Test_GetStarted_SetPropertyValue" computerName="EPEKW-Q1100020" duration="00:00:00.0006101" startTime="2013-05-22T13:52:28.6868674+08:00" endTime="2013-05-22T13:52:28.6898674+08:00" testType="13cdc9d9-ddb5-4fa4-a97d-d965ccfc6d4b" outcome="Passed" testListId="8c84fa94-04c1-424b-9868-57a2d4851a1d" relativeResultsDirectory="28fa806a-aaa5-4104-bb81-b6d9cabd772e">
    </UnitTestResult>
    <UnitTestResult executionId="f0872994-5e88-4f72-9911-6977849e4c27" testId="d7cd026a-e451-5261-6277-40ea453953be" testName="Test_ArgumentMatchers_MatchSubTypes" computerName="EPEKW-Q1100020" duration="00:00:00.0038259" startTime="2013-05-22T13:52:28.6918674+08:00" endTime="2013-05-22T13:52:28.6978674+08:00" testType="13cdc9d9-ddb5-4fa4-a97d-d965ccfc6d4b" outcome="Passed" testListId="8c84fa94-04c1-424b-9868-57a2d4851a1d" relativeResultsDirectory="f0872994-5e88-4f72-9911-6977849e4c27">
    </UnitTestResult>
    <UnitTestResult executionId="c3418742-40dc-4dc3-8874-1dfaa23e3110" testId="e1ae571f-a60a-1d87-7027-29328e4afbcb" testName="Test_ReturnForSpecificArgs_UseArgumentsMatcher" computerName="EPEKW-Q1100020" duration="00:00:00.0059711" startTime="2013-05-22T13:52:28.6998674+08:00" endTime="2013-05-22T13:52:28.7088674+08:00" testType="13cdc9d9-ddb5-4fa4-a97d-d965ccfc6d4b" outcome="Passed" testListId="8c84fa94-04c1-424b-9868-57a2d4851a1d" relativeResultsDirectory="c3418742-40dc-4dc3-8874-1dfaa23e3110">
    </UnitTestResult>
    <UnitTestResult executionId="d22d6ab5-a4ec-4463-b591-f98c19d12e1a" testId="e3be2852-e2be-d3cf-11a8-8b4aa463f7cc" testName="Test_ThrowingExceptions_ForVoid" computerName="EPEKW-Q1100020" duration="00:00:00.0013355" startTime="2013-05-22T13:52:28.7108674+08:00" endTime="2013-05-22T13:52:28.7148674+08:00" testType="13cdc9d9-ddb5-4fa4-a97d-d965ccfc6d4b" outcome="Passed" testListId="8c84fa94-04c1-424b-9868-57a2d4851a1d" relativeResultsDirectory="d22d6ab5-a4ec-4463-b591-f98c19d12e1a">
    </UnitTestResult>
    <UnitTestResult executionId="d3404a6b-bfd2-4770-a523-afa5e8e67872" testId="ea2938e8-6df8-38dc-d8db-acc3972a68a3" testName="Test_AutoRecursiveMocks_AutomaticallyCreateSubstitutes" computerName="EPEKW-Q1100020" duration="00:00:00.0004879" startTime="2013-05-22T13:52:28.7178674+08:00" endTime="2013-05-22T13:52:28.7218674+08:00" testType="13cdc9d9-ddb5-4fa4-a97d-d965ccfc6d4b" outcome="Passed" testListId="8c84fa94-04c1-424b-9868-57a2d4851a1d" relativeResultsDirectory="d3404a6b-bfd2-4770-a523-afa5e8e67872">
    </UnitTestResult>
    <UnitTestResult executionId="015a2af2-e36d-4d87-9db6-2ae5b26f3986" testId="ebc6d242-f7ca-ca95-495d-0e96d2f5ad7f" testName="Test_CheckReceivedCalls_IgnoringArguments" computerName="EPEKW-Q1100020" duration="00:00:00.0012397" startTime="2013-05-22T13:52:28.7238674+08:00" endTime="2013-05-22T13:52:28.7298674+08:00" testType="13cdc9d9-ddb5-4fa4-a97d-d965ccfc6d4b" outcome="Passed" testListId="8c84fa94-04c1-424b-9868-57a2d4851a1d" relativeResultsDirectory="015a2af2-e36d-4d87-9db6-2ae5b26f3986">
    </UnitTestResult>
    <UnitTestResult executionId="4f84af1b-db79-4d54-814a-2da7843d94ac" testId="ece0a6f3-63de-fab5-3354-7d9f3344d1fc" testName="Test_ArgumentMatchers_ConditionallyMatchingThrowException" computerName="EPEKW-Q1100020" duration="00:00:00.0020808" startTime="2013-05-22T13:52:28.7328674+08:00" endTime="2013-05-22T13:52:28.7378674+08:00" testType="13cdc9d9-ddb5-4fa4-a97d-d965ccfc6d4b" outcome="Passed" testListId="8c84fa94-04c1-424b-9868-57a2d4851a1d" relativeResultsDirectory="4f84af1b-db79-4d54-814a-2da7843d94ac">
    </UnitTestResult>
    <UnitTestResult executionId="67b1d991-554d-4f53-8856-e23b6c2a7ec8" testId="edfa74ad-4483-90cb-71c1-07cb8ad00650" testName="Test_CheckingCallOrder_CommandRunWhileConnectionIsOpen" computerName="EPEKW-Q1100020" duration="00:00:00.0027624" startTime="2013-05-22T13:52:28.7388674+08:00" endTime="2013-05-22T13:52:28.7458674+08:00" testType="13cdc9d9-ddb5-4fa4-a97d-d965ccfc6d4b" outcome="Passed" testListId="8c84fa94-04c1-424b-9868-57a2d4851a1d" relativeResultsDirectory="67b1d991-554d-4f53-8856-e23b6c2a7ec8">
    </UnitTestResult>
    <UnitTestResult executionId="e2466ac8-8b82-431e-b6bc-20eb06c2c2a8" testId="ef13a171-f444-9e15-c348-95561e067586" testName="Test_RaisingEvents_RaiseEvent" computerName="EPEKW-Q1100020" duration="00:00:00.0011682" startTime="2013-05-22T13:52:28.7478674+08:00" endTime="2013-05-22T13:52:28.7518674+08:00" testType="13cdc9d9-ddb5-4fa4-a97d-d965ccfc6d4b" outcome="Passed" testListId="8c84fa94-04c1-424b-9868-57a2d4851a1d" relativeResultsDirectory="e2466ac8-8b82-431e-b6bc-20eb06c2c2a8">
    </UnitTestResult>
    <UnitTestResult executionId="a914b79c-e568-490d-8a40-a11ad5792d41" testId="f1c0bb28-75c5-499c-8978-67845477e6f4" testName="Test_GetStarted_PassFuncToReturns" computerName="EPEKW-Q1100020" duration="00:00:00.0005899" startTime="2013-05-22T13:52:28.7528674+08:00" endTime="2013-05-22T13:52:28.7558674+08:00" testType="13cdc9d9-ddb5-4fa4-a97d-d965ccfc6d4b" outcome="Passed" testListId="8c84fa94-04c1-424b-9868-57a2d4851a1d" relativeResultsDirectory="a914b79c-e568-490d-8a40-a11ad5792d41">
    </UnitTestResult>
    <UnitTestResult executionId="712bfefe-0748-450e-bd43-434f6afeee3e" testId="f3f35488-58cf-e872-ce89-57c11f2c1e05" testName="Test_CallbacksWhenDo_PassFunctionsToReturns" computerName="EPEKW-Q1100020" duration="00:00:00.0007319" startTime="2013-05-22T13:52:28.7598674+08:00" endTime="2013-05-22T13:52:28.7638674+08:00" testType="13cdc9d9-ddb5-4fa4-a97d-d965ccfc6d4b" outcome="Passed" testListId="8c84fa94-04c1-424b-9868-57a2d4851a1d" relativeResultsDirectory="712bfefe-0748-450e-bd43-434f6afeee3e">
    </UnitTestResult>
    <UnitTestResult executionId="dcc60169-a3d1-4b09-aa04-d2ebd25a3755" testId="ff33da5e-29d8-5a7c-ebfa-2966f98e7eaf" testName="Test_MultipleReturnValues_ReturnMultipleValues" computerName="EPEKW-Q1100020" duration="00:00:00.0009434" startTime="2013-05-22T13:52:28.7668674+08:00" endTime="2013-05-22T13:52:28.7708674+08:00" testType="13cdc9d9-ddb5-4fa4-a97d-d965ccfc6d4b" outcome="Passed" testListId="8c84fa94-04c1-424b-9868-57a2d4851a1d" relativeResultsDirectory="dcc60169-a3d1-4b09-aa04-d2ebd25a3755">
    </UnitTestResult>
    <UnitTestResult executionId="d9ac28a9-cfc5-43ac-9b56-2145004221b9" testId="ffd7d8e8-2bda-fcf0-b501-8b1bef8b0fb6" testName="Test_RaisingEvents_RaisingDelegateEvents" computerName="EPEKW-Q1100020" duration="00:00:00.0044025" startTime="2013-05-22T13:52:28.7728674+08:00" endTime="2013-05-22T13:52:28.7798674+08:00" testType="13cdc9d9-ddb5-4fa4-a97d-d965ccfc6d4b" outcome="Passed" testListId="8c84fa94-04c1-424b-9868-57a2d4851a1d" relativeResultsDirectory="d9ac28a9-cfc5-43ac-9b56-2145004221b9">
    </UnitTestResult>
  </Results>
</TestRun>