<?xml version="1.0" encoding="UTF-8"?>
<TestRun id="c7240999-b9b5-433b-a661-76bb31ccf479" name="gaoc@EPEKW-Q1100020 2013-05-22 10:52:31" runUser="IGTMASTER\gaoc" xmlns="http://microsoft.com/schemas/VisualStudio/TeamTest/2010">
  <TestSettings name="Local" id="4ca49d67-0d66-4a55-b4b3-2d739b980c55">
    <Description>These are default test settings for a local test run.</Description>
    <Deployment enabled="false" runDeploymentRoot="gaoc_EPEKW-Q1100020 2013-05-22 10_52_31">
      <DeploymentItem filename="C:\Users\gaoc\Downloads\NSubstitute-master\Output\Debug\NET35\NSubstitute\NSubstitute.dll" />
    </Deployment>
    <Execution>
      <TestTypeSpecific />
      <AgentRule name="Execution Agents">
      </AgentRule>
    </Execution>
  </TestSettings>
  <Times creation="2013-05-22T10:52:31.9158168+08:00" queuing="2013-05-22T10:52:31.9607763+08:00" start="2013-05-22T10:52:31.9857538+08:00" finish="2013-05-22T10:52:32.3334406+08:00" />
  <ResultSummary outcome="Completed">
    <Counters total="1" executed="1" passed="1" error="0" failed="0" timeout="0" aborted="0" inconclusive="0" passedButRunAborted="0" notRunnable="0" notExecuted="0" disconnected="0" warning="0" completed="0" inProgress="0" pending="0" />
  </ResultSummary>
  <TestDefinitions>
    <UnitTest name="Test_ArgumentMatchers_MatchingSpecificArgument" storage="c:\users\gaoc\downloads\nsubstitute-master\source\nsubstitute.tests\bin\debug\nsubstitute.tests.dll" id="c4a4826f-58bd-c035-ec52-784bfe7e2bde">
      <Execution id="4f4e1161-70ef-41fe-9b1d-164e2c79023e" />
      <TestMethod codeBase="C:/Users/gaoc/Downloads/NSubstitute-master/Source/NSubstitute.Tests/bin/Debug/NSubstitute.Tests.DLL" adapterTypeName="Microsoft.VisualStudio.TestTools.TestTypes.Unit.UnitTestAdapter, Microsoft.VisualStudio.QualityTools.Tips.UnitTest.Adapter, Version=10.0.0.0, Culture=neutral, PublicKeyToken=b03f5f7f11d50a3a" className="NSubstitute.Tests.ArgumentMatchers, NSubstitute.Tests, Version=1.0.0.0, Culture=neutral, PublicKeyToken=null" name="Test_ArgumentMatchers_MatchingSpecificArgument" />
    </UnitTest>
  </TestDefinitions>
  <TestLists>
    <TestList name="Results Not in a List" id="8c84fa94-04c1-424b-9868-57a2d4851a1d" />
    <TestList name="All Loaded Results" id="19431567-8539-422a-85d7-44ee4e166bda" />
  </TestLists>
  <TestEntries>
    <TestEntry testId="c4a4826f-58bd-c035-ec52-784bfe7e2bde" executionId="4f4e1161-70ef-41fe-9b1d-164e2c79023e" testListId="8c84fa94-04c1-424b-9868-57a2d4851a1d" />
  </TestEntries>
  <Results>
    <UnitTestResult executionId="4f4e1161-70ef-41fe-9b1d-164e2c79023e" testId="c4a4826f-58bd-c035-ec52-784bfe7e2bde" testName="Test_ArgumentMatchers_MatchingSpecificArgument" computerName="EPEKW-Q1100020" duration="00:00:00.1498551" startTime="2013-05-22T10:52:32.0097322+08:00" endTime="2013-05-22T10:52:32.3194532+08:00" testType="13cdc9d9-ddb5-4fa4-a97d-d965ccfc6d4b" outcome="Passed" testListId="8c84fa94-04c1-424b-9868-57a2d4851a1d" relativeResultsDirectory="4f4e1161-70ef-41fe-9b1d-164e2c79023e">
    </UnitTestResult>
  </Results>
</TestRun>