<?xml version="1.0" encoding="UTF-8"?>
<TestRun id="2015cd06-fd54-4eb3-b5ac-5e87b6066d3f" name="gaoc@EPEKW-Q1100020 2013-05-22 13:00:22" runUser="IGTMASTER\gaoc" xmlns="http://microsoft.com/schemas/VisualStudio/TeamTest/2010">
  <TestSettings name="Local" id="4ca49d67-0d66-4a55-b4b3-2d739b980c55">
    <Description>These are default test settings for a local test run.</Description>
    <Deployment enabled="false" runDeploymentRoot="gaoc_EPEKW-Q1100020 2013-05-22 13_00_22">
      <DeploymentItem filename="C:\Users\gaoc\Downloads\NSubstitute-master\Output\Debug\NET35\NSubstitute\NSubstitute.dll" />
    </Deployment>
    <Execution>
      <TestTypeSpecific />
      <AgentRule name="Execution Agents">
      </AgentRule>
    </Execution>
  </TestSettings>
  <Times creation="2013-05-22T13:00:22.1808674+08:00" queuing="2013-05-22T13:00:22.2488674+08:00" start="2013-05-22T13:00:22.2568674+08:00" finish="2013-05-22T13:00:22.8268674+08:00" />
  <ResultSummary outcome="Failed">
    <Counters total="4" executed="4" passed="2" error="0" failed="2" timeout="0" aborted="0" inconclusive="0" passedButRunAborted="0" notRunnable="0" notExecuted="0" disconnected="0" warning="0" completed="0" inProgress="0" pending="0" />
  </ResultSummary>
  <TestDefinitions>
    <UnitTest name="Test_ActionsWithArgumentMatchers_PerformingActionsWithAnyArgs" storage="c:\users\gaoc\downloads\nsubstitute-master\source\nsubstitute.tests\bin\debug\nsubstitute.tests.dll" id="68bbdd05-977b-3117-bad0-4a793312f50f">
      <Execution id="9aedde08-430d-4f7f-aa11-24602525b295" />
      <TestMethod codeBase="C:/Users/gaoc/Downloads/NSubstitute-master/Source/NSubstitute.Tests/bin/Debug/NSubstitute.Tests.DLL" adapterTypeName="Microsoft.VisualStudio.TestTools.TestTypes.Unit.UnitTestAdapter, Microsoft.VisualStudio.QualityTools.Tips.UnitTest.Adapter, Version=10.0.0.0, Culture=neutral, PublicKeyToken=b03f5f7f11d50a3a" className="NSubstitute.Tests.ActionsWithArgumentMatchers, NSubstitute.Tests, Version=1.0.0.0, Culture=neutral, PublicKeyToken=null" name="Test_ActionsWithArgumentMatchers_PerformingActionsWithAnyArgs" />
    </UnitTest>
    <UnitTest name="Test_ActionsWithArgumentMatchers_PerformingActionsWithArgs" storage="c:\users\gaoc\downloads\nsubstitute-master\source\nsubstitute.tests\bin\debug\nsubstitute.tests.dll" id="35b4b551-44ca-6808-3bea-6c4bed612170">
      <Execution id="a2c86137-7a8a-4a15-b4b0-68285aaa5230" />
      <TestMethod codeBase="C:/Users/gaoc/Downloads/NSubstitute-master/Source/NSubstitute.Tests/bin/Debug/NSubstitute.Tests.DLL" adapterTypeName="Microsoft.VisualStudio.TestTools.TestTypes.Unit.UnitTestAdapter, Microsoft.VisualStudio.QualityTools.Tips.UnitTest.Adapter, Version=10.0.0.0, Culture=neutral, PublicKeyToken=b03f5f7f11d50a3a" className="NSubstitute.Tests.ActionsWithArgumentMatchers, NSubstitute.Tests, Version=1.0.0.0, Culture=neutral, PublicKeyToken=null" name="Test_ActionsWithArgumentMatchers_PerformingActionsWithArgs" />
    </UnitTest>
    <UnitTest name="Test_ActionsWithArgumentMatchers_ArgActionsCallSpec" storage="c:\users\gaoc\downloads\nsubstitute-master\source\nsubstitute.tests\bin\debug\nsubstitute.tests.dll" id="5aafc54a-b79f-942c-8da6-576a95145a8b">
      <Execution id="cfa38840-4e05-4ea9-873f-80b070cd9d05" />
      <TestMethod codeBase="C:/Users/gaoc/Downloads/NSubstitute-master/Source/NSubstitute.Tests/bin/Debug/NSubstitute.Tests.DLL" adapterTypeName="Microsoft.VisualStudio.TestTools.TestTypes.Unit.UnitTestAdapter, Microsoft.VisualStudio.QualityTools.Tips.UnitTest.Adapter, Version=10.0.0.0, Culture=neutral, PublicKeyToken=b03f5f7f11d50a3a" className="NSubstitute.Tests.ActionsWithArgumentMatchers, NSubstitute.Tests, Version=1.0.0.0, Culture=neutral, PublicKeyToken=null" name="Test_ActionsWithArgumentMatchers_ArgActionsCallSpec" />
    </UnitTest>
    <UnitTest name="Test_ActionsWithArgumentMatchers_InvokingCallbacks" storage="c:\users\gaoc\downloads\nsubstitute-master\source\nsubstitute.tests\bin\debug\nsubstitute.tests.dll" id="8e591eb5-d291-8b0a-d7cb-27c1fb7e8949">
      <Execution id="11405905-1bbd-4a36-bdac-542ff1fa28e3" />
      <TestMethod codeBase="C:/Users/gaoc/Downloads/NSubstitute-master/Source/NSubstitute.Tests/bin/Debug/NSubstitute.Tests.DLL" adapterTypeName="Microsoft.VisualStudio.TestTools.TestTypes.Unit.UnitTestAdapter, Microsoft.VisualStudio.QualityTools.Tips.UnitTest.Adapter, Version=10.0.0.0, Culture=neutral, PublicKeyToken=b03f5f7f11d50a3a" className="NSubstitute.Tests.ActionsWithArgumentMatchers, NSubstitute.Tests, Version=1.0.0.0, Culture=neutral, PublicKeyToken=null" name="Test_ActionsWithArgumentMatchers_InvokingCallbacks" />
    </UnitTest>
  </TestDefinitions>
  <TestLists>
    <TestList name="Results Not in a List" id="8c84fa94-04c1-424b-9868-57a2d4851a1d" />
    <TestList name="All Loaded Results" id="19431567-8539-422a-85d7-44ee4e166bda" />
  </TestLists>
  <TestEntries>
    <TestEntry testId="35b4b551-44ca-6808-3bea-6c4bed612170" executionId="a2c86137-7a8a-4a15-b4b0-68285aaa5230" testListId="8c84fa94-04c1-424b-9868-57a2d4851a1d" />
    <TestEntry testId="5aafc54a-b79f-942c-8da6-576a95145a8b" executionId="cfa38840-4e05-4ea9-873f-80b070cd9d05" testListId="8c84fa94-04c1-424b-9868-57a2d4851a1d" />
    <TestEntry testId="68bbdd05-977b-3117-bad0-4a793312f50f" executionId="9aedde08-430d-4f7f-aa11-24602525b295" testListId="8c84fa94-04c1-424b-9868-57a2d4851a1d" />
    <TestEntry testId="8e591eb5-d291-8b0a-d7cb-27c1fb7e8949" executionId="11405905-1bbd-4a36-bdac-542ff1fa28e3" testListId="8c84fa94-04c1-424b-9868-57a2d4851a1d" />
  </TestEntries>
  <Results>
    <UnitTestResult executionId="a2c86137-7a8a-4a15-b4b0-68285aaa5230" testId="35b4b551-44ca-6808-3bea-6c4bed612170" testName="Test_ActionsWithArgumentMatchers_PerformingActionsWithArgs" computerName="EPEKW-Q1100020" duration="00:00:00.1515739" startTime="2013-05-22T13:00:22.2888674+08:00" endTime="2013-05-22T13:00:22.6088674+08:00" testType="13cdc9d9-ddb5-4fa4-a97d-d965ccfc6d4b" outcome="Passed" testListId="8c84fa94-04c1-424b-9868-57a2d4851a1d" relativeResultsDirectory="a2c86137-7a8a-4a15-b4b0-68285aaa5230">
    </UnitTestResult>
    <UnitTestResult executionId="cfa38840-4e05-4ea9-873f-80b070cd9d05" testId="5aafc54a-b79f-942c-8da6-576a95145a8b" testName="Test_ActionsWithArgumentMatchers_ArgActionsCallSpec" computerName="EPEKW-Q1100020" duration="00:00:00.1289634" startTime="2013-05-22T13:00:22.6238674+08:00" endTime="2013-05-22T13:00:22.7648674+08:00" testType="13cdc9d9-ddb5-4fa4-a97d-d965ccfc6d4b" outcome="Failed" testListId="8c84fa94-04c1-424b-9868-57a2d4851a1d" relativeResultsDirectory="cfa38840-4e05-4ea9-873f-80b070cd9d05">
      <Output>
        <ErrorInfo>
          <Message>Assert.AreEqual failed. Expected:&lt;System.Int32[]&gt;. Actual:&lt;System.Int32[]&gt;. </Message>
          <StackTrace>   at NSubstitute.Tests.ActionsWithArgumentMatchers.Test_ActionsWithArgumentMatchers_ArgActionsCallSpec() in C:\Users\gaoc\Downloads\NSubstitute-master\Source\NSubstitute.Tests\17.ActionsWithArgumentMatchers.cs:line 121
</StackTrace>
        </ErrorInfo>
      </Output>
    </UnitTestResult>
    <UnitTestResult executionId="9aedde08-430d-4f7f-aa11-24602525b295" testId="68bbdd05-977b-3117-bad0-4a793312f50f" testName="Test_ActionsWithArgumentMatchers_PerformingActionsWithAnyArgs" computerName="EPEKW-Q1100020" duration="00:00:00.0028791" startTime="2013-05-22T13:00:22.7668674+08:00" endTime="2013-05-22T13:00:22.7758674+08:00" testType="13cdc9d9-ddb5-4fa4-a97d-d965ccfc6d4b" outcome="Failed" testListId="8c84fa94-04c1-424b-9868-57a2d4851a1d" relativeResultsDirectory="9aedde08-430d-4f7f-aa11-24602525b295">
      <Output>
        <ErrorInfo>
          <Message>Assert.AreEqual failed. Expected:&lt;System.Collections.Generic.List`1[System.Int32] (System.Collections.Generic.List`1[[System.Int32, mscorlib, Version=4.0.0.0, Culture=neutral, PublicKeyToken=b77a5c561934e089]])&gt;. Actual:&lt;System.Int32[] (System.Int32[])&gt;. </Message>
          <StackTrace>   at NSubstitute.Tests.ActionsWithArgumentMatchers.Test_ActionsWithArgumentMatchers_PerformingActionsWithAnyArgs() in C:\Users\gaoc\Downloads\NSubstitute-master\Source\NSubstitute.Tests\17.ActionsWithArgumentMatchers.cs:line 95
</StackTrace>
        </ErrorInfo>
      </Output>
    </UnitTestResult>
    <UnitTestResult executionId="11405905-1bbd-4a36-bdac-542ff1fa28e3" testId="8e591eb5-d291-8b0a-d7cb-27c1fb7e8949" testName="Test_ActionsWithArgumentMatchers_InvokingCallbacks" computerName="EPEKW-Q1100020" duration="00:00:00.0183561" startTime="2013-05-22T13:00:22.7788674+08:00" endTime="2013-05-22T13:00:22.8078674+08:00" testType="13cdc9d9-ddb5-4fa4-a97d-d965ccfc6d4b" outcome="Passed" testListId="8c84fa94-04c1-424b-9868-57a2d4851a1d" relativeResultsDirectory="11405905-1bbd-4a36-bdac-542ff1fa28e3">
    </UnitTestResult>
  </Results>
</TestRun>